This is pdfTeX, Version 3.141592653-2.6-1.40.29 (MiKTeX 26.5) (preloaded format=pdflatex 2026.5.25)  28 MAY 2026 05:23
entering extended mode
 restricted \write18 enabled.
 %&-line parsing enabled.
**./thesis.tex
(thesis.tex
LaTeX2e <2025-11-01>
L3 programming layer <2025-12-24>
(miunthesis.cls
Document Class: miunthesis 
(C:\Users\Jake_\AppData\Local\Programs\MiKTeX\tex/latex/base\inputenc.sty
Package: inputenc 2024/02/08 v1.3d Input encoding file
\inpenc@prehook=\toks17
\inpenc@posthook=\toks18
)
(C:\Users\Jake_\AppData\Local\Programs\MiKTeX\tex/latex/base\fontenc.sty
Package: fontenc 2025/07/18 v2.1d Standard LaTeX package
)
(C:\Users\Jake_\AppData\Local\Programs\MiKTeX\tex/generic/babel\babel.sty
Package: babel 2025/12/11 v25.17 The multilingual framework for LuaLaTeX, pdfLa
TeX and XeLaTeX
\babel@savecnt=\count275
LaTeX Encoding Info:    Redeclaring text command \ij (encoding OT1) on input li
ne 2068.
LaTeX Encoding Info:    Redeclaring text command \IJ (encoding OT1) on input li
ne 2070.
LaTeX Encoding Info:    Redeclaring text command \ij (encoding T1) on input lin
e 2072.
LaTeX Encoding Info:    Redeclaring text command \IJ (encoding T1) on input lin
e 2073.
LaTeX Encoding Info:    Ignoring declaration for text command \ij (encoding ?) 
on input line 2074.
LaTeX Encoding Info:    Ignoring declaration for text command \IJ (encoding ?) 
on input line 2076.
LaTeX Encoding Info:    Ignoring declaration for text command \SS (encoding ?) 
on input line 2101.
\U@D=\dimen148
\l@unhyphenated=\language79

(C:\Users\Jake_\AppData\Local\Programs\MiKTeX\tex/generic/babel\txtbabel.def)
\bbl@readstream=\read2
\bbl@dirlevel=\count276
Package babel Info: Configuration files are deprecated, as
(babel)             they can break document portability.
(babel)             Reported on input line 4196.

*************************************
* Local config file bblopts.cfg used
*
(C:\Users\Jake_\AppData\Local\Programs\MiKTeX\tex/latex/arabi\bblopts.cfg
File: bblopts.cfg 2005/09/08 v0.1 add Arabic and Farsi to "declared" options of
 babel
)
(C:\Users\Jake_\AppData\Local\Programs\MiKTeX\tex/generic/babel/locale/en\babel
-english.tex)
Package babel Info: Importing font and identification data for english
(babel)             from babel-en.ini. Reported on input line 4320.

(C:\Users\Jake_\AppData\Local\Programs\MiKTeX\tex/latex/babel-english\english.l
df
Language: english 2017/06/06 v3.3r English support from the babel system
Package babel Info: Hyphen rules for 'canadian' set to \l@english
(babel)             (\language0). Reported on input line 102.
Package babel Info: Hyphen rules for 'australian' set to \l@ukenglish
(babel)             (\language73). Reported on input line 105.
Package babel Info: Hyphen rules for 'newzealand' set to \l@ukenglish
(babel)             (\language73). Reported on input line 108.
))
(C:\Users\Jake_\AppData\Local\Programs\MiKTeX\tex/latex/translator\translator.s
ty
Package: translator 2021-05-31 v1.12d Easy translation of strings in LaTeX
 (C:\Users\Jake_\AppData\Local\Programs\MiKTeX\tex/latex/graphics\keyval.sty
Package: keyval 2022/05/29 v1.15 key=value parser (DPC)
\KV@toks@=\toks19
))
(C:\Users\Jake_\AppData\Local\Programs\MiKTeX\tex/latex/algorithms\algorithm.st
y
Package: algorithm 2009/08/24 v0.1 Document Style `algorithm' - floating enviro
nment
 (C:\Users\Jake_\AppData\Local\Programs\MiKTeX\tex/latex/float\float.sty
Package: float 2001/11/08 v1.3d Float enhancements (AL)
\c@float@type=\count277
\float@exts=\toks20
\float@box=\box53
\@float@everytoks=\toks21
\@floatcapt=\box54
)
(C:\Users\Jake_\AppData\Local\Programs\MiKTeX\tex/latex/base\ifthen.sty
Package: ifthen 2024/03/16 v1.1e Standard LaTeX ifthen package (DPC)
)
\@float@every@algorithm=\toks22
\c@algorithm=\count278
)
(C:\Users\Jake_\AppData\Local\Programs\MiKTeX\tex/latex/etoolbox\etoolbox.sty
Package: etoolbox 2025/10/02 v2.5m e-TeX tools for LaTeX (JAW)
\etb@tempcnta=\count279
)
(C:\Users\Jake_\AppData\Local\Programs\MiKTeX\tex/latex/psnfss\helvet.sty
Package: helvet 2020/03/25 PSNFSS-v9.3 (WaS) 
)
(C:\Users\Jake_\AppData\Local\Programs\MiKTeX\tex/latex/pgf/frontendlayer\tikz.
sty
(C:\Users\Jake_\AppData\Local\Programs\MiKTeX\tex/latex/pgf/basiclayer\pgf.sty
(C:\Users\Jake_\AppData\Local\Programs\MiKTeX\tex/latex/pgf/utilities\pgfrcs.st
y
(C:\Users\Jake_\AppData\Local\Programs\MiKTeX\tex/generic/pgf/utilities\pgfutil
-common.tex
\pgfutil@everybye=\toks23
\pgfutil@tempdima=\dimen149
\pgfutil@tempdimb=\dimen150
)
(C:\Users\Jake_\AppData\Local\Programs\MiKTeX\tex/generic/pgf/utilities\pgfutil
-latex.def
\pgfutil@abb=\box55
)
(C:\Users\Jake_\AppData\Local\Programs\MiKTeX\tex/generic/pgf/utilities\pgfrcs.
code.tex
(C:\Users\Jake_\AppData\Local\Programs\MiKTeX\tex/generic/pgf\pgf.revision.tex)
Package: pgfrcs 2025-08-29 v3.1.11a (3.1.11a)
))
Package: pgf 2025-08-29 v3.1.11a (3.1.11a)

(C:\Users\Jake_\AppData\Local\Programs\MiKTeX\tex/latex/pgf/basiclayer\pgfcore.
sty
(C:\Users\Jake_\AppData\Local\Programs\MiKTeX\tex/latex/graphics\graphicx.sty
Package: graphicx 2024/12/31 v1.2e Enhanced LaTeX Graphics (DPC,SPQR)

(C:\Users\Jake_\AppData\Local\Programs\MiKTeX\tex/latex/graphics\graphics.sty
Package: graphics 2024/08/06 v1.4g Standard LaTeX Graphics (DPC,SPQR)

(C:\Users\Jake_\AppData\Local\Programs\MiKTeX\tex/latex/graphics\trig.sty
Package: trig 2023/12/02 v1.11 sin cos tan (DPC)
)
(C:\Users\Jake_\AppData\Local\Programs\MiKTeX\tex/latex/graphics-cfg\graphics.c
fg
File: graphics.cfg 2016/06/04 v1.11 sample graphics configuration
)
Package graphics Info: Driver file: pdftex.def on input line 106.

(C:\Users\Jake_\AppData\Local\Programs\MiKTeX\tex/latex/graphics-def\pdftex.def
File: pdftex.def 2025/09/29 v1.2d Graphics/color driver for pdftex
))
\Gin@req@height=\dimen151
\Gin@req@width=\dimen152
)
(C:\Users\Jake_\AppData\Local\Programs\MiKTeX\tex/latex/pgf/systemlayer\pgfsys.
sty
(C:\Users\Jake_\AppData\Local\Programs\MiKTeX\tex/generic/pgf/systemlayer\pgfsy
s.code.tex
Package: pgfsys 2025-08-29 v3.1.11a (3.1.11a)

(C:\Users\Jake_\AppData\Local\Programs\MiKTeX\tex/generic/pgf/utilities\pgfkeys
.code.tex
\pgfkeys@pathtoks=\toks24
\pgfkeys@temptoks=\toks25

(C:\Users\Jake_\AppData\Local\Programs\MiKTeX\tex/generic/pgf/utilities\pgfkeys
libraryfiltered.code.tex
\pgfkeys@tmptoks=\toks26
))
\pgf@x=\dimen153
\pgf@y=\dimen154
\pgf@xa=\dimen155
\pgf@ya=\dimen156
\pgf@xb=\dimen157
\pgf@yb=\dimen158
\pgf@xc=\dimen159
\pgf@yc=\dimen160
\pgf@xd=\dimen161
\pgf@yd=\dimen162
\w@pgf@writea=\write3
\r@pgf@reada=\read3
\c@pgf@counta=\count280
\c@pgf@countb=\count281
\c@pgf@countc=\count282
\c@pgf@countd=\count283
\t@pgf@toka=\toks27
\t@pgf@tokb=\toks28
\t@pgf@tokc=\toks29
\pgf@sys@id@count=\count284

(C:\Users\Jake_\AppData\Local\Programs\MiKTeX\tex/generic/pgf/systemlayer\pgf.c
fg
File: pgf.cfg 2025-08-29 v3.1.11a (3.1.11a)
)
Driver file for pgf: pgfsys-pdftex.def

(C:\Users\Jake_\AppData\Local\Programs\MiKTeX\tex/generic/pgf/systemlayer\pgfsy
s-pdftex.def
File: pgfsys-pdftex.def 2025-08-29 v3.1.11a (3.1.11a)

(C:\Users\Jake_\AppData\Local\Programs\MiKTeX\tex/generic/pgf/systemlayer\pgfsy
s-common-pdf.def
File: pgfsys-common-pdf.def 2025-08-29 v3.1.11a (3.1.11a)
)))
(C:\Users\Jake_\AppData\Local\Programs\MiKTeX\tex/generic/pgf/systemlayer\pgfsy
ssoftpath.code.tex
File: pgfsyssoftpath.code.tex 2025-08-29 v3.1.11a (3.1.11a)
\pgfsyssoftpath@smallbuffer@items=\count285
\pgfsyssoftpath@bigbuffer@items=\count286
)
(C:\Users\Jake_\AppData\Local\Programs\MiKTeX\tex/generic/pgf/systemlayer\pgfsy
sprotocol.code.tex
File: pgfsysprotocol.code.tex 2025-08-29 v3.1.11a (3.1.11a)
))
(C:\Users\Jake_\AppData\Local\Programs\MiKTeX\tex/latex/xcolor\xcolor.sty
Package: xcolor 2024/09/29 v3.02 LaTeX color extensions (UK)

(C:\Users\Jake_\AppData\Local\Programs\MiKTeX\tex/latex/graphics-cfg\color.cfg
File: color.cfg 2016/01/02 v1.6 sample color configuration
)
Package xcolor Info: Driver file: pdftex.def on input line 274.
(C:\Users\Jake_\AppData\Local\Programs\MiKTeX\tex/latex/graphics\mathcolor.ltx)
Package xcolor Info: Model `cmy' substituted by `cmy0' on input line 1349.
Package xcolor Info: Model `hsb' substituted by `rgb' on input line 1353.
Package xcolor Info: Model `RGB' extended on input line 1365.
Package xcolor Info: Model `HTML' substituted by `rgb' on input line 1367.
Package xcolor Info: Model `Hsb' substituted by `hsb' on input line 1368.
Package xcolor Info: Model `tHsb' substituted by `hsb' on input line 1369.
Package xcolor Info: Model `HSB' substituted by `hsb' on input line 1370.
Package xcolor Info: Model `Gray' substituted by `gray' on input line 1371.
Package xcolor Info: Model `wave' substituted by `hsb' on input line 1372.
)
(C:\Users\Jake_\AppData\Local\Programs\MiKTeX\tex/generic/pgf/basiclayer\pgfcor
e.code.tex
Package: pgfcore 2025-08-29 v3.1.11a (3.1.11a)

(C:\Users\Jake_\AppData\Local\Programs\MiKTeX\tex/generic/pgf/math\pgfmath.code
.tex
(C:\Users\Jake_\AppData\Local\Programs\MiKTeX\tex/generic/pgf/math\pgfmathutil.
code.tex)
(C:\Users\Jake_\AppData\Local\Programs\MiKTeX\tex/generic/pgf/math\pgfmathparse
r.code.tex
\pgfmath@dimen=\dimen163
\pgfmath@count=\count287
\pgfmath@box=\box56
\pgfmath@toks=\toks30
\pgfmath@stack@operand=\toks31
\pgfmath@stack@operation=\toks32
)
(C:\Users\Jake_\AppData\Local\Programs\MiKTeX\tex/generic/pgf/math\pgfmathfunct
ions.code.tex)
(C:\Users\Jake_\AppData\Local\Programs\MiKTeX\tex/generic/pgf/math\pgfmathfunct
ions.basic.code.tex)
(C:\Users\Jake_\AppData\Local\Programs\MiKTeX\tex/generic/pgf/math\pgfmathfunct
ions.trigonometric.code.tex)
(C:\Users\Jake_\AppData\Local\Programs\MiKTeX\tex/generic/pgf/math\pgfmathfunct
ions.random.code.tex)
(C:\Users\Jake_\AppData\Local\Programs\MiKTeX\tex/generic/pgf/math\pgfmathfunct
ions.comparison.code.tex)
(C:\Users\Jake_\AppData\Local\Programs\MiKTeX\tex/generic/pgf/math\pgfmathfunct
ions.base.code.tex)
(C:\Users\Jake_\AppData\Local\Programs\MiKTeX\tex/generic/pgf/math\pgfmathfunct
ions.round.code.tex)
(C:\Users\Jake_\AppData\Local\Programs\MiKTeX\tex/generic/pgf/math\pgfmathfunct
ions.misc.code.tex)
(C:\Users\Jake_\AppData\Local\Programs\MiKTeX\tex/generic/pgf/math\pgfmathfunct
ions.integerarithmetics.code.tex)
(C:\Users\Jake_\AppData\Local\Programs\MiKTeX\tex/generic/pgf/math\pgfmathcalc.
code.tex)
(C:\Users\Jake_\AppData\Local\Programs\MiKTeX\tex/generic/pgf/math\pgfmathfloat
.code.tex
\c@pgfmathroundto@lastzeros=\count288
))
(C:\Users\Jake_\AppData\Local\Programs\MiKTeX\tex/generic/pgf/math\pgfint.code.
tex)
(C:\Users\Jake_\AppData\Local\Programs\MiKTeX\tex/generic/pgf/basiclayer\pgfcor
epoints.code.tex
File: pgfcorepoints.code.tex 2025-08-29 v3.1.11a (3.1.11a)
\pgf@picminx=\dimen164
\pgf@picmaxx=\dimen165
\pgf@picminy=\dimen166
\pgf@picmaxy=\dimen167
\pgf@pathminx=\dimen168
\pgf@pathmaxx=\dimen169
\pgf@pathminy=\dimen170
\pgf@pathmaxy=\dimen171
\pgf@xx=\dimen172
\pgf@xy=\dimen173
\pgf@yx=\dimen174
\pgf@yy=\dimen175
\pgf@zx=\dimen176
\pgf@zy=\dimen177
)
(C:\Users\Jake_\AppData\Local\Programs\MiKTeX\tex/generic/pgf/basiclayer\pgfcor
epathconstruct.code.tex
File: pgfcorepathconstruct.code.tex 2025-08-29 v3.1.11a (3.1.11a)
\pgf@path@lastx=\dimen178
\pgf@path@lasty=\dimen179
)
(C:\Users\Jake_\AppData\Local\Programs\MiKTeX\tex/generic/pgf/basiclayer\pgfcor
epathusage.code.tex
File: pgfcorepathusage.code.tex 2025-08-29 v3.1.11a (3.1.11a)
\pgf@shorten@end@additional=\dimen180
\pgf@shorten@start@additional=\dimen181
)
(C:\Users\Jake_\AppData\Local\Programs\MiKTeX\tex/generic/pgf/basiclayer\pgfcor
escopes.code.tex
File: pgfcorescopes.code.tex 2025-08-29 v3.1.11a (3.1.11a)
\pgfpic=\box57
\pgf@hbox=\box58
\pgf@layerbox@main=\box59
\pgf@picture@serial@count=\count289
)
(C:\Users\Jake_\AppData\Local\Programs\MiKTeX\tex/generic/pgf/basiclayer\pgfcor
egraphicstate.code.tex
File: pgfcoregraphicstate.code.tex 2025-08-29 v3.1.11a (3.1.11a)
\pgflinewidth=\dimen182
)
(C:\Users\Jake_\AppData\Local\Programs\MiKTeX\tex/generic/pgf/basiclayer\pgfcor
etransformations.code.tex
File: pgfcoretransformations.code.tex 2025-08-29 v3.1.11a (3.1.11a)
\pgf@pt@x=\dimen183
\pgf@pt@y=\dimen184
\pgf@pt@temp=\dimen185
)
(C:\Users\Jake_\AppData\Local\Programs\MiKTeX\tex/generic/pgf/basiclayer\pgfcor
equick.code.tex
File: pgfcorequick.code.tex 2025-08-29 v3.1.11a (3.1.11a)
)
(C:\Users\Jake_\AppData\Local\Programs\MiKTeX\tex/generic/pgf/basiclayer\pgfcor
eobjects.code.tex
File: pgfcoreobjects.code.tex 2025-08-29 v3.1.11a (3.1.11a)
)
(C:\Users\Jake_\AppData\Local\Programs\MiKTeX\tex/generic/pgf/basiclayer\pgfcor
epathprocessing.code.tex
File: pgfcorepathprocessing.code.tex 2025-08-29 v3.1.11a (3.1.11a)
)
(C:\Users\Jake_\AppData\Local\Programs\MiKTeX\tex/generic/pgf/basiclayer\pgfcor
earrows.code.tex
File: pgfcorearrows.code.tex 2025-08-29 v3.1.11a (3.1.11a)
\pgfarrowsep=\dimen186
)
(C:\Users\Jake_\AppData\Local\Programs\MiKTeX\tex/generic/pgf/basiclayer\pgfcor
eshade.code.tex
File: pgfcoreshade.code.tex 2025-08-29 v3.1.11a (3.1.11a)
\pgf@max=\dimen187
\pgf@sys@shading@range@num=\count290
\pgf@shadingcount=\count291
)
(C:\Users\Jake_\AppData\Local\Programs\MiKTeX\tex/generic/pgf/basiclayer\pgfcor
eimage.code.tex
File: pgfcoreimage.code.tex 2025-08-29 v3.1.11a (3.1.11a)
)
(C:\Users\Jake_\AppData\Local\Programs\MiKTeX\tex/generic/pgf/basiclayer\pgfcor
eexternal.code.tex
File: pgfcoreexternal.code.tex 2025-08-29 v3.1.11a (3.1.11a)
\pgfexternal@startupbox=\box60
)
(C:\Users\Jake_\AppData\Local\Programs\MiKTeX\tex/generic/pgf/basiclayer\pgfcor
elayers.code.tex
File: pgfcorelayers.code.tex 2025-08-29 v3.1.11a (3.1.11a)
)
(C:\Users\Jake_\AppData\Local\Programs\MiKTeX\tex/generic/pgf/basiclayer\pgfcor
etransparency.code.tex
File: pgfcoretransparency.code.tex 2025-08-29 v3.1.11a (3.1.11a)
)
(C:\Users\Jake_\AppData\Local\Programs\MiKTeX\tex/generic/pgf/basiclayer\pgfcor
epatterns.code.tex
File: pgfcorepatterns.code.tex 2025-08-29 v3.1.11a (3.1.11a)
)
(C:\Users\Jake_\AppData\Local\Programs\MiKTeX\tex/generic/pgf/basiclayer\pgfcor
erdf.code.tex
File: pgfcorerdf.code.tex 2025-08-29 v3.1.11a (3.1.11a)
)))
(C:\Users\Jake_\AppData\Local\Programs\MiKTeX\tex/generic/pgf/modules\pgfmodule
shapes.code.tex
File: pgfmoduleshapes.code.tex 2025-08-29 v3.1.11a (3.1.11a)
\pgfnodeparttextbox=\box61
)
(C:\Users\Jake_\AppData\Local\Programs\MiKTeX\tex/generic/pgf/modules\pgfmodule
plot.code.tex
File: pgfmoduleplot.code.tex 2025-08-29 v3.1.11a (3.1.11a)
)
(C:\Users\Jake_\AppData\Local\Programs\MiKTeX\tex/latex/pgf/compatibility\pgfco
mp-version-0-65.sty
Package: pgfcomp-version-0-65 2025-08-29 v3.1.11a (3.1.11a)
\pgf@nodesepstart=\dimen188
\pgf@nodesepend=\dimen189
)
(C:\Users\Jake_\AppData\Local\Programs\MiKTeX\tex/latex/pgf/compatibility\pgfco
mp-version-1-18.sty
Package: pgfcomp-version-1-18 2025-08-29 v3.1.11a (3.1.11a)
))
(C:\Users\Jake_\AppData\Local\Programs\MiKTeX\tex/latex/pgf/utilities\pgffor.st
y
(C:\Users\Jake_\AppData\Local\Programs\MiKTeX\tex/latex/pgf/utilities\pgfkeys.s
ty
(C:\Users\Jake_\AppData\Local\Programs\MiKTeX\tex/generic/pgf/utilities\pgfkeys
.code.tex))
(C:\Users\Jake_\AppData\Local\Programs\MiKTeX\tex/latex/pgf/math\pgfmath.sty
(C:\Users\Jake_\AppData\Local\Programs\MiKTeX\tex/generic/pgf/math\pgfmath.code
.tex))
(C:\Users\Jake_\AppData\Local\Programs\MiKTeX\tex/generic/pgf/utilities\pgffor.
code.tex
Package: pgffor 2025-08-29 v3.1.11a (3.1.11a)
\pgffor@iter=\dimen190
\pgffor@skip=\dimen191
\pgffor@stack=\toks33
\pgffor@toks=\toks34
))
(C:\Users\Jake_\AppData\Local\Programs\MiKTeX\tex/generic/pgf/frontendlayer/tik
z\tikz.code.tex
Package: tikz 2025-08-29 v3.1.11a (3.1.11a)

(C:\Users\Jake_\AppData\Local\Programs\MiKTeX\tex/generic/pgf/libraries\pgflibr
aryplothandlers.code.tex
File: pgflibraryplothandlers.code.tex 2025-08-29 v3.1.11a (3.1.11a)
\pgf@plot@mark@count=\count292
\pgfplotmarksize=\dimen192
)
\tikz@lastx=\dimen193
\tikz@lasty=\dimen194
\tikz@lastxsaved=\dimen195
\tikz@lastysaved=\dimen196
\tikz@lastmovetox=\dimen197
\tikz@lastmovetoy=\dimen198
\tikzleveldistance=\dimen199
\tikzsiblingdistance=\dimen256
\tikz@figbox=\box62
\tikz@figbox@bg=\box63
\tikz@tempbox=\box64
\tikz@tempbox@bg=\box65
\tikztreelevel=\count293
\tikznumberofchildren=\count294
\tikznumberofcurrentchild=\count295
\tikz@fig@count=\count296

(C:\Users\Jake_\AppData\Local\Programs\MiKTeX\tex/generic/pgf/modules\pgfmodule
matrix.code.tex
File: pgfmodulematrix.code.tex 2025-08-29 v3.1.11a (3.1.11a)
\pgfmatrixcurrentrow=\count297
\pgfmatrixcurrentcolumn=\count298
\pgf@matrix@numberofcolumns=\count299
)
\tikz@expandcount=\count300

(C:\Users\Jake_\AppData\Local\Programs\MiKTeX\tex/generic/pgf/frontendlayer/tik
z/libraries\tikzlibrarytopaths.code.tex
File: tikzlibrarytopaths.code.tex 2025-08-29 v3.1.11a (3.1.11a)
)))
(C:\Users\Jake_\AppData\Local\Programs\MiKTeX\tex/latex/psnfss\mathpazo.sty
Package: mathpazo 2020/03/25 PSNFSS-v9.3 Palatino w/ Pazo Math (D.Puga, WaS) 
\symupright=\mathgroup4
)
(C:\Users\Jake_\AppData\Local\Programs\MiKTeX\tex/latex/verbatimbox\verbatimbox
.sty
Package: verbatimbox 2023/08/08 v3.2\ Routines for placing verbatim text into b
oxes, useful in places where the verbatim environment is inaccessible. Secondar
ily, for adding vertical buffer around an object.
 (C:\Users\Jake_\AppData\Local\Programs\MiKTeX\tex/latex/tools\verbatim.sty
Package: verbatim 2024-01-22 v1.5x LaTeX2e package for verbatim enhancements
\every@verbatim=\toks35
\verbatim@line=\toks36
\verbatim@in@stream=\read4
)
(C:\Users\Jake_\AppData\Local\Programs\MiKTeX\tex/latex/readarray\readarray.sty
Package: readarray 2021/09/17\ 3.1\ Routines for inputting 2D and 3D array data
 and recalling it on an element-by-element basis.
(C:\Users\Jake_\AppData\Local\Programs\MiKTeX\tex/latex/forloop\forloop.sty
Package: forloop 2023/05/03 v3.0 For Loops for LaTeX
)
(C:\Users\Jake_\AppData\Local\Programs\MiKTeX\tex/latex/listofitems\listofitems
.sty
(C:\Users\Jake_\AppData\Local\Programs\MiKTeX\tex/generic/listofitems\listofite
ms.tex
\loi_cnt_foreach_nest=\count301
\loi_nestcnt=\count302
)
Package: listofitems 2024/03/09 v1.65 Grab items in lists using user-specified 
sep char (CT)
)
\c@@index=\count303
\c@@plane=\count304
\c@@row=\count305
\c@@col=\count306
\c@use@args=\count307
\c@@record=\count308
\c@index@count=\count309
\Arg@toks=\toks37
\@arrayident@toks=\toks38
\rdar@file=\read5
\readarrayendlinechar=\count310

readarray: bounds checking OFF
)
\savedverbbox=\box66
\c@VerbboxLineNo=\count311
\boxtopsep=\dimen257
\boxbottomsep=\dimen258
\ps@tempdima=\dimen259
\ps@tempboxa=\box67
\boxtop@sep=\skip49
\boxbottom@sep=\skip50
)
(C:\Users\Jake_\AppData\Local\Programs\MiKTeX\tex/latex/setspace\setspace.sty
Package: setspace 2022/12/04 v6.7b set line spacing
)
(C:\Users\Jake_\AppData\Local\Programs\MiKTeX\tex/latex/pdfpages\pdfpages.sty
Package: pdfpages 2026/03/30 v0.6h Insert pages of external PDF documents (AM)

(C:\Users\Jake_\AppData\Local\Programs\MiKTeX\tex/latex/tools\calc.sty
Package: calc 2025/03/01 v4.3b Infix arithmetic (KKT,FJ)
\calc@Acount=\count312
\calc@Bcount=\count313
\calc@Adimen=\dimen260
\calc@Bdimen=\dimen261
\calc@Askip=\skip51
\calc@Bskip=\skip52
LaTeX Info: Redefining \setlength on input line 86.
LaTeX Info: Redefining \addtolength on input line 87.
\calc@Ccount=\count314
\calc@Cskip=\skip53
)
(C:\Users\Jake_\AppData\Local\Programs\MiKTeX\tex/latex/eso-pic\eso-pic.sty
Package: eso-pic 2025/12/10 v3.0d eso-pic (RN)
\ESO@tempdima=\dimen262
\ESO@tempdimb=\dimen263
)
\AM@pagewidth=\dimen264
\AM@pageheight=\dimen265
\AM@fboxrule=\dimen266

(C:\Users\Jake_\AppData\Local\Programs\MiKTeX\tex/latex/pdfpages\pppdftex.def
File: pppdftex.def 2026/03/30 v0.6h Pdfpages driver for pdfTeX (AM)
)
\pdfpages@includegraphics@status=\count315
\AM@pagebox=\box68
\AM@global@opts=\toks39
\AM@pagecnt=\count316
\AM@toc@title=\toks40
\AM@lof@heading=\toks41
\c@AM@survey=\count317
\AM@templatesizebox=\box69
) (C:\Users\Jake_\AppData\Local\Programs\MiKTeX\tex/latex/datetime\datetime.sty
Package: datetime 2015/03/20 v2.60 Date Time Package

(C:\Users\Jake_\AppData\Local\Programs\MiKTeX\tex/latex/fmtcount\fmtcount.sty
Package: fmtcount 2025/12/02 v3.12 Displaying the values of LaTeX counters (NT,
VB,NE)

(C:\Users\Jake_\AppData\Local\Programs\MiKTeX\tex/latex/xkeyval\xkeyval.sty
Package: xkeyval 2022/06/16 v2.9 package option processing (HA)

(C:\Users\Jake_\AppData\Local\Programs\MiKTeX\tex/generic/xkeyval\xkeyval.tex
(C:\Users\Jake_\AppData\Local\Programs\MiKTeX\tex/generic/xkeyval\xkvutils.tex
\XKV@toks=\toks42
\XKV@tempa@toks=\toks43
)
\XKV@depth=\count318
File: xkeyval.tex 2014/12/03 v2.7a key=value parser (HA)
))
(C:\Users\Jake_\AppData\Local\Programs\MiKTeX\tex/latex/fmtcount\fcprefix.sty
Package: fcprefix 2012/09/28

(C:\Users\Jake_\AppData\Local\Programs\MiKTeX\tex/latex/fmtcount\fcnumparser.st
y
Package: fcnumparser 2017/06/15
\fc@digit@counter=\count319
)) (C:\Users\Jake_\AppData\Local\Programs\MiKTeX\tex/latex/amsmath\amsgen.sty
File: amsgen.sty 1999/11/30 v2.0 generic functions
\@emptytoks=\toks44
\ex@=\dimen267
)
\c@padzeroesN=\count320
\fc@tmpcatcode=\count321

(C:\Users\Jake_\AppData\Local\Programs\MiKTeX\tex/latex/fmtcount\fc-english.def
File: fc-english.def 2016/01/12
)
\@DT@modctr=\count322
\@ordinalctr=\count323
\@orgargctr=\count324
\@strctr=\count325
\@tmpstrctr=\count326
\@DT@loopN=\count327
\@DT@X=\count328
)
(C:\Users\Jake_\AppData\Local\Programs\MiKTeX\tex/latex/datetime\datetime-defau
lts.sty
Package: datetime-defaults 2013/09/10
)
\@day=\count329
\@month=\count330
\@year=\count331
\c@HOUR=\count332
\c@HOURXII=\count333
\c@MINUTE=\count334
\c@TOHOUR=\count335
\c@TOMINUTE=\count336
\c@SECOND=\count337
\currenthour=\count338
\currentminute=\count339
\currentsecond=\count340
Package datetime Info: No datetime.cfg file found, using default settings on in
put line 308.
\@dtctr=\count341
\dayofyear=\count342
\dayofweek=\count343
\dt@a=\toks45
\dt@b=\toks46
)
(C:\Users\Jake_\AppData\Local\Programs\MiKTeX\tex/latex/base\article.cls
Document Class: article 2025/01/22 v1.4n Standard LaTeX document class
(C:\Users\Jake_\AppData\Local\Programs\MiKTeX\tex/latex/base\size12.clo
File: size12.clo 2025/01/22 v1.4n Standard LaTeX file (size option)
)
\c@part=\count344
\c@section=\count345
\c@subsection=\count346
\c@subsubsection=\count347
\c@paragraph=\count348
\c@subparagraph=\count349
\c@figure=\count350
\c@table=\count351
\abovecaptionskip=\skip54
\belowcaptionskip=\skip55
\bibindent=\dimen268
)
(C:\Users\Jake_\AppData\Local\Programs\MiKTeX\tex/latex/tocloft\tocloft.sty
Package: tocloft 2017/08/31 v2.3i parameterised ToC, etc., typesetting
Package tocloft Info: The document has section divisions on input line 51.
\cftparskip=\skip56
\cftbeforetoctitleskip=\skip57
\cftaftertoctitleskip=\skip58
\cftbeforepartskip=\skip59
\cftpartnumwidth=\skip60
\cftpartindent=\skip61
\cftbeforesecskip=\skip62
\cftsecindent=\skip63
\cftsecnumwidth=\skip64
\cftbeforesubsecskip=\skip65
\cftsubsecindent=\skip66
\cftsubsecnumwidth=\skip67
\cftbeforesubsubsecskip=\skip68
\cftsubsubsecindent=\skip69
\cftsubsubsecnumwidth=\skip70
\cftbeforeparaskip=\skip71
\cftparaindent=\skip72
\cftparanumwidth=\skip73
\cftbeforesubparaskip=\skip74
\cftsubparaindent=\skip75
\cftsubparanumwidth=\skip76
\cftbeforeloftitleskip=\skip77
\cftafterloftitleskip=\skip78
\cftbeforefigskip=\skip79
\cftfigindent=\skip80
\cftfignumwidth=\skip81
\c@lofdepth=\count352
\c@lotdepth=\count353
\cftbeforelottitleskip=\skip82
\cftafterlottitleskip=\skip83
\cftbeforetabskip=\skip84
\cfttabindent=\skip85
\cfttabnumwidth=\skip86
)
(C:\Users\Jake_\AppData\Local\Programs\MiKTeX\tex/latex/parskip\parskip.sty
Package: parskip 2021-03-14 v2.0h non-zero parskip adjustments

(C:\Users\Jake_\AppData\Local\Programs\MiKTeX\tex/latex/kvoptions\kvoptions.sty
Package: kvoptions 2022-06-15 v3.15 Key value format for package options (HO)
(C:\Users\Jake_\AppData\Local\Programs\MiKTeX\tex/generic/ltxcmds\ltxcmds.sty
Package: ltxcmds 2023-12-04 v1.26 LaTeX kernel commands for general use (HO)
)
(C:\Users\Jake_\AppData\Local\Programs\MiKTeX\tex/latex/kvsetkeys\kvsetkeys.sty
Package: kvsetkeys 2022-10-05 v1.19 Key value parser (HO)
)))
(C:\Users\Jake_\AppData\Local\Programs\MiKTeX\tex/latex/geometry\geometry.sty
Package: geometry 2026/03/07 v6.0 Page Geometry

(C:\Users\Jake_\AppData\Local\Programs\MiKTeX\tex/generic/iftex\ifvtex.sty
Package: ifvtex 2019/10/25 v1.7 ifvtex legacy package. Use iftex instead.

(C:\Users\Jake_\AppData\Local\Programs\MiKTeX\tex/generic/iftex\iftex.sty
Package: iftex 2024/12/12 v1.0g TeX engine tests
))
\Gm@cnth=\count354
\Gm@cntv=\count355
\c@Gm@tempcnt=\count356
\Gm@bindingoffset=\dimen269
\Gm@wd@mp=\dimen270
\Gm@odd@mp=\dimen271
\Gm@even@mp=\dimen272
\Gm@layoutwidth=\dimen273
\Gm@layoutheight=\dimen274
\Gm@layouthoffset=\dimen275
\Gm@layoutvoffset=\dimen276
\Gm@dimlist=\toks47

(C:\Users\Jake_\AppData\Local\Programs\MiKTeX\tex/latex/geometry\geometry.cfg))
(C:\Users\Jake_\AppData\Local\Programs\MiKTeX\tex/latex/fancyhdr\fancyhdr.sty
Package: fancyhdr 2025/02/07 v5.2 Extensive control of page headers and footers

\f@nch@headwidth=\skip87
\f@nch@offset@elh=\skip88
\f@nch@offset@erh=\skip89
\f@nch@offset@olh=\skip90
\f@nch@offset@orh=\skip91
\f@nch@offset@elf=\skip92
\f@nch@offset@erf=\skip93
\f@nch@offset@olf=\skip94
\f@nch@offset@orf=\skip95
\f@nch@height=\skip96
\f@nch@footalignment=\skip97
\f@nch@widthL=\skip98
\f@nch@widthC=\skip99
\f@nch@widthR=\skip100
\@temptokenb=\toks48
)
(C:\Users\Jake_\AppData\Local\Programs\MiKTeX\tex/latex/amsmath\amsmath.sty
Package: amsmath 2025/07/09 v2.17z AMS math features
\@mathmargin=\skip101

For additional information on amsmath, use the `?' option.
(C:\Users\Jake_\AppData\Local\Programs\MiKTeX\tex/latex/amsmath\amstext.sty
Package: amstext 2024/11/17 v2.01 AMS text
)
(C:\Users\Jake_\AppData\Local\Programs\MiKTeX\tex/latex/amsmath\amsbsy.sty
Package: amsbsy 1999/11/29 v1.2d Bold Symbols
\pmbraise@=\dimen277
)
(C:\Users\Jake_\AppData\Local\Programs\MiKTeX\tex/latex/amsmath\amsopn.sty
Package: amsopn 2022/04/08 v2.04 operator names
)
\inf@bad=\count357
LaTeX Info: Redefining \frac on input line 233.
\uproot@=\count358
\leftroot@=\count359
LaTeX Info: Redefining \overline on input line 398.
LaTeX Info: Redefining \colon on input line 409.
\classnum@=\count360
\DOTSCASE@=\count361
LaTeX Info: Redefining \ldots on input line 495.
LaTeX Info: Redefining \dots on input line 498.
LaTeX Info: Redefining \cdots on input line 619.
\Mathstrutbox@=\box70
\strutbox@=\box71
LaTeX Info: Redefining \big on input line 721.
LaTeX Info: Redefining \Big on input line 722.
LaTeX Info: Redefining \bigg on input line 723.
LaTeX Info: Redefining \Bigg on input line 724.
\big@size=\dimen278
LaTeX Font Info:    Redeclaring font encoding OML on input line 742.
LaTeX Font Info:    Redeclaring font encoding OMS on input line 743.
\macc@depth=\count362
LaTeX Info: Redefining \bmod on input line 904.
LaTeX Info: Redefining \pmod on input line 909.
LaTeX Info: Redefining \smash on input line 939.
LaTeX Info: Redefining \relbar on input line 969.
LaTeX Info: Redefining \Relbar on input line 970.
\c@MaxMatrixCols=\count363
\dotsspace@=\muskip17
\c@parentequation=\count364
\dspbrk@lvl=\count365
\tag@help=\toks49
\row@=\count366
\column@=\count367
\maxfields@=\count368
\andhelp@=\toks50
\eqnshift@=\dimen279
\alignsep@=\dimen280
\tagshift@=\dimen281
\tagwidth@=\dimen282
\totwidth@=\dimen283
\lineht@=\dimen284
\@envbody=\toks51
\multlinegap=\skip102
\multlinetaggap=\skip103
\mathdisplay@stack=\toks52
LaTeX Info: Redefining \[ on input line 2950.
LaTeX Info: Redefining \] on input line 2951.
)
(C:\Users\Jake_\AppData\Local\Programs\MiKTeX\tex/latex/amsfonts\amssymb.sty
Package: amssymb 2013/01/14 v3.01 AMS font symbols

(C:\Users\Jake_\AppData\Local\Programs\MiKTeX\tex/latex/amsfonts\amsfonts.sty
Package: amsfonts 2013/01/14 v3.01 Basic AMSFonts support
\symAMSa=\mathgroup5
\symAMSb=\mathgroup6
LaTeX Font Info:    Redeclaring math symbol \hbar on input line 98.
LaTeX Font Info:    Overwriting math alphabet `\mathfrak' in version `bold'
(Font)                  U/euf/m/n --> U/euf/b/n on input line 106.
)) (C:\Users\Jake_\AppData\Local\Programs\MiKTeX\tex/latex/amscls\amsthm.sty
Package: amsthm 2020/05/29 v2.20.6
\thm@style=\toks53
\thm@bodyfont=\toks54
\thm@headfont=\toks55
\thm@notefont=\toks56
\thm@headpunct=\toks57
\thm@preskip=\skip104
\thm@postskip=\skip105
\thm@headsep=\skip106
\dth@everypar=\toks58
)
(C:\Users\Jake_\AppData\Local\Programs\MiKTeX\tex/latex/url\url.sty
\Urlmuskip=\muskip18
Package: url 2013/09/16  ver 3.4  Verb mode for urls, etc.
)
(C:\Users\Jake_\AppData\Local\Programs\MiKTeX\tex/latex/tools\varioref.sty
Package: varioref 2025/01/14 v1.6g package for extended references (FMi)
\c@vrcnt=\count369
)
(C:\Users\Jake_\AppData\Local\Programs\MiKTeX\tex/latex/prettyref\prettyref.sty
Package: prettyref 1998/07/09 v3.0
) (C:\Users\Jake_\AppData\Local\Programs\MiKTeX\tex/latex/hyperref\hyperref.sty
Package: hyperref 2025-07-12 v7.01o Hypertext links for LaTeX

(C:\Users\Jake_\AppData\Local\Programs\MiKTeX\tex/generic/kvdefinekeys\kvdefine
keys.sty
Package: kvdefinekeys 2019-12-19 v1.6 Define keys (HO)
)
(C:\Users\Jake_\AppData\Local\Programs\MiKTeX\tex/generic/pdfescape\pdfescape.s
ty
Package: pdfescape 2019/12/09 v1.15 Implements pdfTeX's escape features (HO)

(C:\Users\Jake_\AppData\Local\Programs\MiKTeX\tex/generic/pdftexcmds\pdftexcmds
.sty
Package: pdftexcmds 2020-06-27 v0.33 Utility functions of pdfTeX for LuaTeX (HO
)

(C:\Users\Jake_\AppData\Local\Programs\MiKTeX\tex/generic/infwarerr\infwarerr.s
ty
Package: infwarerr 2019/12/03 v1.5 Providing info/warning/error messages (HO)
)
Package pdftexcmds Info: \pdf@primitive is available.
Package pdftexcmds Info: \pdf@ifprimitive is available.
Package pdftexcmds Info: \pdfdraftmode found.
))
(C:\Users\Jake_\AppData\Local\Programs\MiKTeX\tex/latex/hycolor\hycolor.sty
Package: hycolor 2020-01-27 v1.10 Color options for hyperref/bookmark (HO)
)
(C:\Users\Jake_\AppData\Local\Programs\MiKTeX\tex/latex/hyperref\nameref.sty
Package: nameref 2025-06-21 v2.57 Cross-referencing by name of section

(C:\Users\Jake_\AppData\Local\Programs\MiKTeX\tex/latex/refcount\refcount.sty
Package: refcount 2019/12/15 v3.6 Data extraction from label references (HO)
)
(C:\Users\Jake_\AppData\Local\Programs\MiKTeX\tex/generic/gettitlestring\gettit
lestring.sty
Package: gettitlestring 2019/12/15 v1.6 Cleanup title references (HO)
)
\c@section@level=\count370
)
(C:\Users\Jake_\AppData\Local\Programs\MiKTeX\tex/generic/stringenc\stringenc.s
ty
Package: stringenc 2019/11/29 v1.12 Convert strings between diff. encodings (HO
)
)
\@linkdim=\dimen285
\Hy@linkcounter=\count371
\Hy@pagecounter=\count372
 (C:\Users\Jake_\AppData\Local\Programs\MiKTeX\tex/latex/hyperref\pd1enc.def
File: pd1enc.def 2025-07-12 v7.01o Hyperref: PDFDocEncoding definition (HO)
Now handling font encoding PD1 ...
... no UTF-8 mapping file for font encoding PD1
) (C:\Users\Jake_\AppData\Local\Programs\MiKTeX\tex/generic/intcalc\intcalc.sty
Package: intcalc 2019/12/15 v1.3 Expandable calculations with integers (HO)
)
\Hy@SavedSpaceFactor=\count373
 (C:\Users\Jake_\AppData\Local\Programs\MiKTeX\tex/latex/hyperref\puenc.def
File: puenc.def 2025-07-12 v7.01o Hyperref: PDF Unicode definition (HO)
Now handling font encoding PU ...
... no UTF-8 mapping file for font encoding PU
)
Package hyperref Info: Hyper figures OFF on input line 4195.
Package hyperref Info: Link nesting OFF on input line 4200.
Package hyperref Info: Hyper index ON on input line 4203.
Package hyperref Info: Plain pages OFF on input line 4210.
Package hyperref Info: Backreferencing OFF on input line 4215.
Package hyperref Info: Implicit mode ON; LaTeX internals redefined.
Package hyperref Info: Bookmarks ON on input line 4462.
\c@Hy@tempcnt=\count374
LaTeX Info: Redefining \url on input line 4801.
\XeTeXLinkMargin=\dimen286

(C:\Users\Jake_\AppData\Local\Programs\MiKTeX\tex/generic/bitset\bitset.sty
Package: bitset 2019/12/09 v1.3 Handle bit-vector datatype (HO)

(C:\Users\Jake_\AppData\Local\Programs\MiKTeX\tex/generic/bigintcalc\bigintcalc
.sty
Package: bigintcalc 2019/12/15 v1.5 Expandable calculations on big integers (HO
)
))
\Fld@menulength=\count375
\Field@Width=\dimen287
\Fld@charsize=\dimen288
Package hyperref Info: Hyper figures OFF on input line 6078.
Package hyperref Info: Link nesting OFF on input line 6083.
Package hyperref Info: Hyper index ON on input line 6086.
Package hyperref Info: backreferencing OFF on input line 6093.
Package hyperref Info: Link coloring OFF on input line 6098.
Package hyperref Info: Link coloring with OCG OFF on input line 6103.
Package hyperref Info: PDF/A mode OFF on input line 6108.
\Hy@abspage=\count376
\c@Item=\count377
\c@Hfootnote=\count378
)
Package hyperref Info: Driver (autodetected): hpdftex.

(C:\Users\Jake_\AppData\Local\Programs\MiKTeX\tex/latex/hyperref\hpdftex.def
File: hpdftex.def 2025-07-12 v7.01o Hyperref driver for pdfTeX
\Fld@listcount=\count379
\c@bookmark@seq@number=\count380

(C:\Users\Jake_\AppData\Local\Programs\MiKTeX\tex/latex/rerunfilecheck\rerunfil
echeck.sty
Package: rerunfilecheck 2025-06-21 v1.11 Rerun checks for auxiliary files (HO)

(C:\Users\Jake_\AppData\Local\Programs\MiKTeX\tex/generic/uniquecounter\uniquec
ounter.sty
Package: uniquecounter 2019/12/15 v1.4 Provide unlimited unique counter (HO)
)
Package uniquecounter Info: New unique counter `rerunfilecheck' on input line 2
84.
)
\Hy@SectionHShift=\skip107
)
(C:\Users\Jake_\AppData\Local\Programs\MiKTeX\tex/latex/cleveref\cleveref.sty
Package: cleveref 2018/03/27 v0.21.4 Intelligent cross-referencing
Package cleveref Info: `hyperref' support loaded on input line 2370.
LaTeX Info: Redefining \cref on input line 2370.
LaTeX Info: Redefining \Cref on input line 2370.
LaTeX Info: Redefining \crefrange on input line 2370.
LaTeX Info: Redefining \Crefrange on input line 2370.
LaTeX Info: Redefining \cpageref on input line 2370.
LaTeX Info: Redefining \Cpageref on input line 2370.
LaTeX Info: Redefining \cpagerefrange on input line 2370.
LaTeX Info: Redefining \Cpagerefrange on input line 2370.
LaTeX Info: Redefining \labelcref on input line 2370.
LaTeX Info: Redefining \labelcpageref on input line 2370.
Package cleveref Info: `varioref' support loaded on input line 2605.
Package cleveref Info: `cleveref' supersedes `varioref's \labelformatcommand on
 input line 2605.
LaTeX Info: Redefining \vref on input line 2605.
LaTeX Info: Redefining \Vref on input line 2605.
LaTeX Info: Redefining \vrefrange on input line 2605.
LaTeX Info: Redefining \fullref on input line 2605.
Package cleveref Info: `amsthm' support loaded on input line 3026.
)
==> First Aid for cleveref.sty applied!
(C:\Users\Jake_\AppData\Local\Programs\MiKTeX\tex/latex/biblatex\biblatex.sty
Package: biblatex 2025/07/10 v3.21 programmable bibliographies (PK/MW)

(C:\Users\Jake_\AppData\Local\Programs\MiKTeX\tex/latex/logreq\logreq.sty
Package: logreq 2010/08/04 v1.0 xml request logger
\lrq@indent=\count381

(C:\Users\Jake_\AppData\Local\Programs\MiKTeX\tex/latex/logreq\logreq.def
File: logreq.def 2010/08/04 v1.0 logreq spec v1.0
))
\c@tabx@nest=\count382
\c@listtotal=\count383
\c@listcount=\count384
\c@liststart=\count385
\c@liststop=\count386
\c@citecount=\count387
\c@citetotal=\count388
\c@multicitecount=\count389
\c@multicitetotal=\count390
\c@instcount=\count391
\c@maxnames=\count392
\c@minnames=\count393
\c@maxitems=\count394
\c@minitems=\count395
\c@citecounter=\count396
\c@maxcitecounter=\count397
\c@savedcitecounter=\count398
\c@uniquelist=\count399
\c@uniquename=\count400
\c@refsection=\count401
\c@refsegment=\count402
\c@maxextratitle=\count403
\c@maxextratitleyear=\count404
\c@maxextraname=\count405
\c@maxextradate=\count406
\c@maxextraalpha=\count407
\c@abbrvpenalty=\count408
\c@highnamepenalty=\count409
\c@lownamepenalty=\count410
\c@maxparens=\count411
\c@parenlevel=\count412
\blx@tempcnta=\count413
\blx@tempcntb=\count414
\blx@tempcntc=\count415
\c@blx@maxsection=\count416
\blx@maxsegment@0=\count417
\blx@notetype=\count418
\blx@parenlevel@text=\count419
\blx@parenlevel@foot=\count420
\blx@sectionciteorder@0=\count421
\blx@sectionciteorderinternal@0=\count422
\blx@entrysetcounter=\count423
\blx@biblioinstance=\count424
\labelnumberwidth=\skip108
\labelalphawidth=\skip109
\biblabelsep=\skip110
\bibitemsep=\skip111
\bibnamesep=\skip112
\bibinitsep=\skip113
\bibparsep=\skip114
\bibhang=\skip115
\blx@bcfin=\read6
\blx@bcfout=\write4
\blx@langwohyphens=\language80
\c@mincomprange=\count425
\c@maxcomprange=\count426
\c@mincompwidth=\count427
Package biblatex Info: Trying to load biblatex default data model...
Package biblatex Info: ... file 'blx-dm.def' found.

(C:\Users\Jake_\AppData\Local\Programs\MiKTeX\tex/latex/biblatex\blx-dm.def
File: blx-dm.def 2025/07/10 v3.21 biblatex datamodel (PK/MW)
)
Package biblatex Info: Trying to load biblatex citestyle data model...
Package biblatex Info: ... file 'ieee.dbx' not found.
Package biblatex Info: Trying to load biblatex custom data model...
Package biblatex Info: ... file 'biblatex-dm.cfg' not found.
\c@afterword=\count428
\c@savedafterword=\count429
\c@annotator=\count430
\c@savedannotator=\count431
\c@author=\count432
\c@savedauthor=\count433
\c@bookauthor=\count434
\c@savedbookauthor=\count435
\c@commentator=\count436
\c@savedcommentator=\count437
\c@editor=\count438
\c@savededitor=\count439
\c@editora=\count440
\c@savededitora=\count441
\c@editorb=\count442
\c@savededitorb=\count443
\c@editorc=\count444
\c@savededitorc=\count445
\c@foreword=\count446
\c@savedforeword=\count447
\c@holder=\count448
\c@savedholder=\count449
\c@introduction=\count450
\c@savedintroduction=\count451
\c@namea=\count452
\c@savednamea=\count453
\c@nameb=\count454
\c@savednameb=\count455
\c@namec=\count456
\c@savednamec=\count457
\c@translator=\count458
\c@savedtranslator=\count459
\c@shortauthor=\count460
\c@savedshortauthor=\count461
\c@shorteditor=\count462
\c@savedshorteditor=\count463
\c@labelname=\count464
\c@savedlabelname=\count465
\c@institution=\count466
\c@savedinstitution=\count467
\c@lista=\count468
\c@savedlista=\count469
\c@listb=\count470
\c@savedlistb=\count471
\c@listc=\count472
\c@savedlistc=\count473
\c@listd=\count474
\c@savedlistd=\count475
\c@liste=\count476
\c@savedliste=\count477
\c@listf=\count478
\c@savedlistf=\count479
\c@location=\count480
\c@savedlocation=\count481
\c@organization=\count482
\c@savedorganization=\count483
\c@origlocation=\count484
\c@savedoriglocation=\count485
\c@origpublisher=\count486
\c@savedorigpublisher=\count487
\c@publisher=\count488
\c@savedpublisher=\count489
\c@language=\count490
\c@savedlanguage=\count491
\c@origlanguage=\count492
\c@savedoriglanguage=\count493
\c@pageref=\count494
\c@savedpageref=\count495
\shorthandwidth=\skip116
\shortjournalwidth=\skip117
\shortserieswidth=\skip118
\shorttitlewidth=\skip119
\shortauthorwidth=\skip120
\shorteditorwidth=\skip121
\locallabelnumberwidth=\skip122
\locallabelalphawidth=\skip123
\localshorthandwidth=\skip124
\localshortjournalwidth=\skip125
\localshortserieswidth=\skip126
\localshorttitlewidth=\skip127
\localshortauthorwidth=\skip128
\localshorteditorwidth=\skip129
Package biblatex Info: Trying to load compatibility code...
Package biblatex Info: ... file 'blx-compat.def' found.

(C:\Users\Jake_\AppData\Local\Programs\MiKTeX\tex/latex/biblatex\blx-compat.def
File: blx-compat.def 2025/07/10 v3.21 biblatex compatibility (PK/MW)
)
Package biblatex Info: Trying to load generic definitions...
Package biblatex Info: ... file 'biblatex.def' found.
 (C:\Users\Jake_\AppData\Local\Programs\MiKTeX\tex/latex/biblatex\biblatex.def
File: biblatex.def 2025/07/10 v3.21 biblatex compatibility (PK/MW)
\c@textcitecount=\count496
\c@textcitetotal=\count497
\c@textcitemaxnames=\count498
\c@biburlbigbreakpenalty=\count499
\c@biburlbreakpenalty=\count500
\c@biburlnumpenalty=\count501
\c@biburlucpenalty=\count502
\c@biburllcpenalty=\count503
\biburlbigskip=\muskip19
\biburlnumskip=\muskip20
\biburlucskip=\muskip21
\biburllcskip=\muskip22
\c@smartand=\count504
)
Package biblatex Info: Trying to load bibliography style 'numeric'...
Package biblatex Info: ... file 'numeric.bbx' found.

(C:\Users\Jake_\AppData\Local\Programs\MiKTeX\tex/latex/biblatex/bbx\numeric.bb
x
File: numeric.bbx 2025/07/10 v3.21 biblatex bibliography style (PK/MW)
Package biblatex Info: Trying to load bibliography style 'standard'...
Package biblatex Info: ... file 'standard.bbx' found.

(C:\Users\Jake_\AppData\Local\Programs\MiKTeX\tex/latex/biblatex/bbx\standard.b
bx
File: standard.bbx 2025/07/10 v3.21 biblatex bibliography style (PK/MW)
\c@bbx:relatedcount=\count505
\c@bbx:relatedtotal=\count506
))
Package biblatex Info: Trying to load citation style 'ieee'...
Package biblatex Info: ... file 'ieee.cbx' found.

(C:\Users\Jake_\AppData\Local\Programs\MiKTeX\tex/latex/biblatex-ieee\ieee.cbx
File: ieee.cbx 2025-08-01 v1.4f biblatex citation style
Package biblatex Info: Trying to load citation style 'numeric-verb'...
Package biblatex Info: ... file 'numeric-verb.cbx' found.

(C:\Users\Jake_\AppData\Local\Programs\MiKTeX\tex/latex/biblatex/cbx\numeric-ve
rb.cbx
File: numeric-verb.cbx 2025/07/10 v3.21 biblatex citation style (PK/MW)
Package biblatex Info: Redefining '\cite'.
Package biblatex Info: Redefining '\parencite'.
Package biblatex Info: Redefining '\footcite'.
Package biblatex Info: Redefining '\footcitetext'.
Package biblatex Info: Redefining '\smartcite'.
Package biblatex Info: Redefining '\textcite'.
Package biblatex Info: Redefining '\supercite'.
Package biblatex Info: Redefining '\parencites'.
Package biblatex Info: Redefining '\smartcites'.
Package biblatex Info: Redefining '\textcites'.
))
Package biblatex Info: Trying to load configuration file...
Package biblatex Info: ... file 'biblatex.cfg' found.

(C:\Users\Jake_\AppData\Local\Programs\MiKTeX\tex/latex/biblatex\biblatex.cfg
File: biblatex.cfg 
)
Package biblatex Info: Input encoding 'utf8' detected.
Package biblatex Info: Document encoding is UTF8 ....

(C:\Users\Jake_\AppData\Local\Programs\MiKTeX\tex/latex/l3kernel\expl3.sty
Package: expl3 2025-12-24 L3 programming layer (loader) 

(C:\Users\Jake_\AppData\Local\Programs\MiKTeX\tex/latex/l3backend\l3backend-pdf
tex.def
File: l3backend-pdftex.def 2025-10-09 L3 backend support: PDF output (pdfTeX)
\l__color_backend_stack_int=\count507
))
Package biblatex Info: ... and expl3
(biblatex)             2025-12-24 L3 programming layer (loader) 
(biblatex)             is new enough (at least 2020/04/06),
(biblatex)             setting 'casechanger=expl3'.

(C:\Users\Jake_\AppData\Local\Programs\MiKTeX\tex/latex/biblatex\blx-case-expl3
.sty
(C:\Users\Jake_\AppData\Local\Programs\MiKTeX\tex/latex/l3packages/xparse\xpars
e.sty
Package: xparse 2025-10-09 L3 Experimental document command parser
)
Package: blx-case-expl3 2025/07/10 v3.21 expl3 case changing code for biblatex
)))
(C:\Users\Jake_\AppData\Local\Programs\MiKTeX\tex/latex/csquotes\csquotes.sty
Package: csquotes 2026-05-19 v5.2p context-sensitive quotations (JAW)
\csq@reset=\count508
\csq@gtype=\count509
\csq@glevel=\count510
\csq@qlevel=\count511
\csq@maxlvl=\count512
\csq@tshold=\count513
\csq@ltx@everypar=\toks59

(C:\Users\Jake_\AppData\Local\Programs\MiKTeX\tex/latex/csquotes\csquotes.def
File: csquotes.def 2026-05-19 v5.2p csquotes generic definitions (JAW)
)
Package csquotes Info: Trying to load configuration file 'csquotes.cfg'...
Package csquotes Info: ... configuration file loaded successfully.

(C:\Users\Jake_\AppData\Local\Programs\MiKTeX\tex/latex/csquotes\csquotes.cfg
File: csquotes.cfg 
)) (C:\Users\Jake_\AppData\Local\Programs\MiKTeX\tex/latex/booktabs\booktabs.st
y
Package: booktabs 2020/01/12 v1.61803398 Publication quality tables
\heavyrulewidth=\dimen289
\lightrulewidth=\dimen290
\cmidrulewidth=\dimen291
\belowrulesep=\dimen292
\belowbottomsep=\dimen293
\aboverulesep=\dimen294
\abovetopsep=\dimen295
\cmidrulesep=\dimen296
\cmidrulekern=\dimen297
\defaultaddspace=\dimen298
\@cmidla=\count514
\@cmidlb=\count515
\@aboverulesep=\dimen299
\@belowrulesep=\dimen300
\@thisruleclass=\count516
\@lastruleclass=\count517
\@thisrulewidth=\dimen301
) (C:\Users\Jake_\AppData\Local\Programs\MiKTeX\tex/latex/newfloat\newfloat.sty
Package: newfloat 2023/10/01 v1.2 Defining new floating environments (AR)
Package newfloat Info: Unsupported document class, or \@chapter 
(newfloat)             was already redefined by another package.
Package newfloat Info: \@chapter = macro:->\def \Hy@next {\Hy@MakeCurrentHrefAu
to {\Hy@chapapp *}\Hy@raisedlink {\hyper@anchorstart {\@currentHref }\hyper@anc
horend }}\ifnum \c@secnumdepth >\m@ne \@ifundefined {if@mainmatter}\iftrue {\cs
name if@mainmatter\endcsname }\let \Hy@next \relax \fi \fi \Hy@next \Hy@org@cha
pter .
Package newfloat Info: \Hy@org@chapter = macro:[#1]#2->\NR@gettitle {#1}\NR@cha
pter [{#1}]{#2}.
Package newfloat Info: \algocf@original@chapter = undefined.
) (C:\Users\Jake_\AppData\Local\Programs\MiKTeX\tex/latex/appendix\appendix.sty
Package: appendix 2020/02/08 v1.2c extra appendix facilities
\c@@pps=\count518
\c@@ppsavesec=\count519
\c@@ppsaveapp=\count520
) (C:\Users\Jake_\AppData\Local\Programs\MiKTeX\tex/latex/tools\tabularx.sty
Package: tabularx 2023/12/11 v2.12a `tabularx' package (DPC)

(C:\Users\Jake_\AppData\Local\Programs\MiKTeX\tex/latex/tools\array.sty
Package: array 2025/09/25 v2.6n Tabular extension package (FMi)
\col@sep=\dimen302
\ar@mcellbox=\box72
\extrarowheight=\dimen303
\NC@list=\toks60
\extratabsurround=\skip130
\backup@length=\skip131
\ar@cellbox=\box73
)
\TX@col@width=\dimen304
\TX@old@table=\dimen305
\TX@old@col=\dimen306
\TX@target=\dimen307
\TX@delta=\dimen308
\TX@cols=\count521
\TX@ftn=\toks61
)
(C:\Users\Jake_\AppData\Local\Programs\MiKTeX\tex/latex/ragged2e\ragged2e.sty
Package: ragged2e 2023/06/22 v3.6 ragged2e Package
\CenteringLeftskip=\skip132
\RaggedLeftLeftskip=\skip133
\RaggedRightLeftskip=\skip134
\CenteringRightskip=\skip135
\RaggedLeftRightskip=\skip136
\RaggedRightRightskip=\skip137
\CenteringParfillskip=\skip138
\RaggedLeftParfillskip=\skip139
\RaggedRightParfillskip=\skip140
\JustifyingParfillskip=\skip141
\CenteringParindent=\skip142
\RaggedLeftParindent=\skip143
\RaggedRightParindent=\skip144
\JustifyingParindent=\skip145
)
(C:\Users\Jake_\AppData\Local\Programs\MiKTeX\tex/latex/xurl\xurl.sty
Package: xurl 2022/01/09 v 0.10 modify URL breaks

xurl: Set penalties for biblatex
) (C:\Users\Jake_\AppData\Local\Programs\MiKTeX\tex/latex/seqsplit\seqsplit.sty
Package: seqsplit 2006/08/07 v0.1 Splitting long sequences (DNA, RNA, proteins,
 etc.) 
) (C:\Users\Jake_\AppData\Local\Programs\MiKTeX\tex/latex/caption\caption.sty
Package: caption 2023/08/05 v3.6o Customizing captions (AR)

(C:\Users\Jake_\AppData\Local\Programs\MiKTeX\tex/latex/caption\caption3.sty
Package: caption3 2023/07/31 v2.4d caption3 kernel (AR)
\caption@tempdima=\dimen309
\captionmargin=\dimen310
\caption@leftmargin=\dimen311
\caption@rightmargin=\dimen312
\caption@width=\dimen313
\caption@indent=\dimen314
\caption@parindent=\dimen315
\caption@hangindent=\dimen316
Package caption Info: Standard document class detected.
)
\c@caption@flags=\count522
\c@continuedfloat=\count523
Package caption Info: float package is loaded.
Package caption Info: hyperref package is loaded.
)
Package csquotes Info: Checking for multilingual support...
Package csquotes Info: ... found 'babel' package.
Package csquotes Info: Adjusting default style.
Package csquotes Info: Redefining alias 'default' -> 'english'.
LaTeX Font Info:    Trying to load font information for T1+ppl on input line 46
.

(C:\Users\Jake_\AppData\Local\Programs\MiKTeX\tex/latex/psnfss\t1ppl.fd
File: t1ppl.fd 2001/06/04 font definitions for T1/ppl.
)
(thesis.aux (00-abstract.aux) (00-sammanfattning.aux) (00-acknowledgements.aux)
(00-terminology.aux) (01-intro.aux) (02-theory.aux) (03-method.aux)
(04-prestudy.aux) (05-implementation.aux) (06-result.aux) (07-discussion.aux)
(08-conclusions.aux) (Appendices/appA.aux))
\openout1 = `thesis.aux'.

LaTeX Font Info:    Checking defaults for OML/cmm/m/it on input line 46.
LaTeX Font Info:    ... okay on input line 46.
LaTeX Font Info:    Checking defaults for OMS/cmsy/m/n on input line 46.
LaTeX Font Info:    ... okay on input line 46.
LaTeX Font Info:    Checking defaults for OT1/cmr/m/n on input line 46.
LaTeX Font Info:    ... okay on input line 46.
LaTeX Font Info:    Checking defaults for T1/cmr/m/n on input line 46.
LaTeX Font Info:    ... okay on input line 46.
LaTeX Font Info:    Checking defaults for TS1/cmr/m/n on input line 46.
LaTeX Font Info:    ... okay on input line 46.
LaTeX Font Info:    Checking defaults for OMX/cmex/m/n on input line 46.
LaTeX Font Info:    ... okay on input line 46.
LaTeX Font Info:    Checking defaults for U/cmr/m/n on input line 46.
LaTeX Font Info:    ... okay on input line 46.
LaTeX Font Info:    Checking defaults for PD1/pdf/m/n on input line 46.
LaTeX Font Info:    ... okay on input line 46.
LaTeX Font Info:    Checking defaults for PU/pdf/m/n on input line 46.
LaTeX Font Info:    ... okay on input line 46.
 (miunthesis-English.dict
Dictionary: miunthesis, Language: English 
)
(C:\Users\Jake_\AppData\Local\Programs\MiKTeX\tex/context/base/mkii\supp-pdf.mk
ii
[Loading MPS to PDF converter (version 2006.09.02).]
\scratchcounter=\count524
\scratchdimen=\dimen317
\scratchbox=\box74
\nofMPsegments=\count525
\nofMParguments=\count526
\everyMPshowfont=\toks62
\MPscratchCnt=\count527
\MPscratchDim=\dimen318
\MPnumerator=\count528
\makeMPintoPDFobject=\count529
\everyMPtoPDFconversion=\toks63
)
(C:\Users\Jake_\AppData\Local\Programs\MiKTeX\tex/latex/epstopdf-pkg\epstopdf-b
ase.sty
Package: epstopdf-base 2020-01-24 v2.11 Base part for package epstopdf
Package epstopdf-base Info: Redefining graphics rule for `.eps' on input line 4
85.

(C:\Users\Jake_\AppData\Local\Programs\MiKTeX\tex/latex/00miktex\epstopdf-sys.c
fg
File: epstopdf-sys.cfg 2021/03/18 v2.0 Configuration of epstopdf for MiKTeX
))
(C:\Users\Jake_\AppData\Local\Programs\MiKTeX\tex/latex/pdflscape\pdflscape.sty
Package: pdflscape 2022-10-27 v0.13 Display of landscape pages in PDF

(C:\Users\Jake_\AppData\Local\Programs\MiKTeX\tex/latex/pdflscape\pdflscape-nom
etadata.sty
Package: pdflscape-nometadata 2022-10-28 v0.13 Display of landscape pages in PD
F (HO)

(C:\Users\Jake_\AppData\Local\Programs\MiKTeX\tex/latex/graphics\lscape.sty
Package: lscape 2020/05/28 v3.02 Landscape Pages (DPC)
)
Package pdflscape Info: Auto-detected driver: pdftex on input line 81.
))
*geometry* driver: auto-detecting
*geometry* detected driver: pdftex
*geometry* verbose mode - [ preamble ] result:
* driver: pdftex
* paper: a4paper
* layout: <same size as paper>
* layoutoffset:(h,v)=(0.0pt,0.0pt)
* modes: includehead includefoot 
* h-part:(L,W,R)=(99.58464pt, 369.88583pt, 128.0374pt)
* v-part:(T,H,B)=(108.12047pt, 702.78308pt, 34.1433pt)
* \paperwidth=597.50787pt
* \paperheight=845.04684pt
* \textwidth=369.88583pt
* \textheight=635.78308pt
* \oddsidemargin=27.31465pt
* \evensidemargin=27.31465pt
* \topmargin=35.85048pt
* \headheight=12.0pt
* \headsep=25.0pt
* \topskip=12.0pt
* \footskip=30.0pt
* \marginparwidth=35.0pt
* \marginparsep=10.0pt
* \columnsep=10.0pt
* \skip\footins=10.8pt plus 4.0pt minus 2.0pt
* \hoffset=0.0pt
* \voffset=0.0pt
* \mag=1000
* \@twocolumnfalse
* \@twosidefalse
* \@mparswitchfalse
* \@reversemarginfalse
* (1in=72.27pt=25.4mm, 1cm=28.453pt)

Package hyperref Info: Link coloring OFF on input line 46.
(thesis.out) (thesis.out)
\@outlinefile=\write5
\openout5 = `thesis.out'.

Package biblatex Info: Trying to load language 'english'...
Package biblatex Info: ... file 'english.lbx' found.

(C:\Users\Jake_\AppData\Local\Programs\MiKTeX\tex/latex/biblatex/lbx\english.lb
x
File: english.lbx 2025/07/10 v3.21 biblatex localization (PK/MW)
)
Package biblatex Info: Input encoding 'utf8' detected.
Package biblatex Info: Automatic encoding selection.
(biblatex)             Assuming data encoding 'utf8'.
\openout4 = `thesis.bcf'.

Package biblatex Info: Trying to load bibliographic data...
Package biblatex Info: ... file 'thesis.bbl' found.
 (thesis.bbl)
Package biblatex Info: Reference section=0 on input line 46.
Package biblatex Info: Reference segment=0 on input line 46.
Package newfloat Info: Trying Plan B...
Package newfloat Info: `float' package detected.
Package caption Info: Begin \AtBeginDocument code.
Package caption Info: End \AtBeginDocument code.
*geometry* verbose mode - [ newgeometry ] result:
* driver: pdftex
* paper: a4paper
* layout: <same size as paper>
* layoutoffset:(h,v)=(0.0pt,0.0pt)
* modes: includehead includefoot 
* h-part:(L,W,R)=(99.58464pt, 369.88583pt, 128.0374pt)
* v-part:(T,H,B)=(45.5244pt, 765.37915pt, 34.1433pt)
* \paperwidth=597.50787pt
* \paperheight=845.04684pt
* \textwidth=369.88583pt
* \textheight=693.37915pt
* \oddsidemargin=27.31465pt
* \evensidemargin=27.31465pt
* \topmargin=-26.74559pt
* \headheight=12.0pt
* \headsep=30.0pt
* \topskip=12.0pt
* \footskip=30.0pt
* \marginparwidth=35.0pt
* \marginparsep=10.0pt
* \columnsep=10.0pt
* \skip\footins=10.8pt plus 4.0pt minus 2.0pt
* \hoffset=0.0pt
* \voffset=0.0pt
* \mag=1000
* \@twocolumnfalse
* \@twosidefalse
* \@mparswitchfalse
* \@reversemarginfalse
* (1in=72.27pt=25.4mm, 1cm=28.453pt)

LaTeX Font Info:    Trying to load font information for T1+phv on input line 47
.

(C:\Users\Jake_\AppData\Local\Programs\MiKTeX\tex/latex/psnfss\t1phv.fd
File: t1phv.fd 2020/03/25 scalable font definitions for T1/phv.
)
Overfull \hbox (12.39107pt too wide) in paragraph at lines 47--47
[]\T1/phv/b/n/20.74 Design and Eval-u-a-tion of an n8n-Based
 []


Overfull \hbox (17.28549pt too wide) in paragraph at lines 47--47
\T1/phv/b/n/20.74 Workflow-to-Action Ar-chi-tec-ture for IoT-
 []


Underfull \hbox (badness 10000) in paragraph at lines 47--47

 []


Underfull \hbox (badness 10000) in paragraph at lines 47--47

 []


Underfull \hbox (badness 10000) in paragraph at lines 47--47

 []


Underfull \hbox (badness 10000) in paragraph at lines 47--47

 []

<Figures/miun_logo.png, id=321, 123.5817pt x 56.8524pt>
File: Figures/miun_logo.png Graphic file (type png)
<use Figures/miun_logo.png>
Package pdftex.def Info: Figures/miun_logo.png  used on input line 47.
(pdftex.def)             Requested size: 116.6563pt x 53.66766pt.
[1


{C:/Users/Jake_/AppData/Local/MiKTeX/fonts/map/pdftex/pdftex.map}{C:/Users/Jake
_/AppData/Local/Programs/MiKTeX/fonts/enc/dvips/base/8r.enc} <./Figures/miun_lo
go.png>]

pdfTeX warning: pdflatex.exe (file ./Diva_publish.pdf): PDF inclusion: found PD
F version <1.6>, but at most version <1.5> allowed
<Diva_publish.pdf, id=331, 597.53635pt x 845.04686pt>
File: Diva_publish.pdf Graphic file (type pdf)
<use Diva_publish.pdf>
Package pdftex.def Info: Diva_publish.pdf  used on input line 49.
(pdftex.def)             Requested size: 597.53488pt x 845.0448pt.


pdfTeX warning: pdflatex.exe (file ./Diva_publish.pdf): PDF inclusion: found PD
F version <1.6>, but at most version <1.5> allowed


pdfTeX warning: pdflatex.exe (file ./Diva_publish.pdf): PDF inclusion: found PD
F version <1.6>, but at most version <1.5> allowed
<Diva_publish.pdf, id=333, page=1, 597.53635pt x 845.04686pt>
File: Diva_publish.pdf Graphic file (type pdf)
<use Diva_publish.pdf, page 1>
Package pdftex.def Info: Diva_publish.pdf , page1 used on input line 49.
(pdftex.def)             Requested size: 597.53488pt x 845.0448pt.
File: Diva_publish.pdf Graphic file (type pdf)
<use Diva_publish.pdf, page 1>
Package pdftex.def Info: Diva_publish.pdf , page1 used on input line 49.
(pdftex.def)             Requested size: 597.56223pt x 845.08348pt.
File: Diva_publish.pdf Graphic file (type pdf)
<use Diva_publish.pdf, page 1>
Package pdftex.def Info: Diva_publish.pdf , page1 used on input line 49.
(pdftex.def)             Requested size: 597.56223pt x 845.08348pt.
File: Diva_publish.pdf Graphic file (type pdf)
<use Diva_publish.pdf, page 1>
Package pdftex.def Info: Diva_publish.pdf , page1 used on input line 49.
(pdftex.def)             Requested size: 597.56223pt x 845.08348pt.
File: Diva_publish.pdf Graphic file (type pdf)
<use Diva_publish.pdf, page 1>
Package pdftex.def Info: Diva_publish.pdf , page1 used on input line 49.
(pdftex.def)             Requested size: 597.56223pt x 845.08348pt.
[1


 <./Diva_publish.pdf>]
\openout2 = `00-abstract.aux'.

 (00-abstract.tex
Overfull \hbox (3.91026pt too wide) in paragraph at lines 5--6
[]\T1/ppl/m/n/12 This the-sis de-signs, im-ple-ments, and eval-u-ates a PC-host
ed, self-hosted
 []


Overfull \hbox (24.5019pt too wide) in paragraph at lines 5--6
\T1/ppl/m/n/12 proof-of-concept based on n8n for an IoT-style workflow-to-actio
n pipeline.
 []

) [2

]
\openout2 = `00-sammanfattning.aux'.

 (00-sammanfattning.tex
Overfull \hbox (1.99039pt too wide) in paragraph at lines 6--7
\T1/ppl/m/n/12 baserat, självho-stat proof-of-concept baserat på n8n för en IoT
-liknande
 []


Overfull \hbox (6.55026pt too wide) in paragraph at lines 6--7
\T1/ppl/m/n/12 han-dlingssys-tem. Im-ple-men-ta-tio-nen an-vän-der Python-mella
nvara som
 []


Overfull \hbox (2.25449pt too wide) in paragraph at lines 6--7
\T1/ppl/m/n/12 agent-förstärkta ar-bets-flödet pro-duc-er-ade också kon-trak-ts
-for-made fläk-
 []


Overfull \hbox (12.55011pt too wide) in paragraph at lines 6--7
\T1/ppl/m/n/12 hostade n8n-arbetsflödet kunde an-ropa mel-lan-varus-lut-punk-te
n på Rasp-
 []

) [3



]
\openout2 = `00-acknowledgements.aux'.

 (00-acknowledgements.tex) [4



] (thesis.toc
Package cleveref Info: loaded `english' language definitions on input line 1.
LaTeX Font Info:    Trying to load font information for OT1+ppl on input line 2
.

(C:\Users\Jake_\AppData\Local\Programs\MiKTeX\tex/latex/psnfss\ot1ppl.fd
File: ot1ppl.fd 2001/06/04 font definitions for OT1/ppl.
)
LaTeX Font Info:    Trying to load font information for OML+zplm on input line 
2.

(C:\Users\Jake_\AppData\Local\Programs\MiKTeX\tex/latex/psnfss\omlzplm.fd
File: omlzplm.fd 2002/09/08 Fontinst v1.914 font definitions for OML/zplm.
)
LaTeX Font Info:    Trying to load font information for OMS+zplm on input line 
2.

(C:\Users\Jake_\AppData\Local\Programs\MiKTeX\tex/latex/psnfss\omszplm.fd
File: omszplm.fd 2002/09/08 Fontinst v1.914 font definitions for OMS/zplm.
)
LaTeX Font Info:    Trying to load font information for OMX+zplm on input line 
2.

(C:\Users\Jake_\AppData\Local\Programs\MiKTeX\tex/latex/psnfss\omxzplm.fd
File: omxzplm.fd 2002/09/08 Fontinst v1.914 font definitions for OMX/zplm.
)
LaTeX Font Info:    Trying to load font information for OT1+zplm on input line 
2.

(C:\Users\Jake_\AppData\Local\Programs\MiKTeX\tex/latex/psnfss\ot1zplm.fd
File: ot1zplm.fd 2002/09/08 Fontinst v1.914 font definitions for OT1/zplm.
)
LaTeX Font Info:    Font shape `U/msa/m/n' will be
(Font)              scaled to size 12.50409pt on input line 2.
LaTeX Font Info:    Font shape `U/msa/m/n' will be
(Font)              scaled to size 9.37807pt on input line 2.
LaTeX Font Info:    Font shape `U/msa/m/n' will be
(Font)              scaled to size 7.29405pt on input line 2.
LaTeX Font Info:    Font shape `U/msb/m/n' will be
(Font)              scaled to size 12.50409pt on input line 2.
LaTeX Font Info:    Font shape `U/msb/m/n' will be
(Font)              scaled to size 9.37807pt on input line 2.
LaTeX Font Info:    Font shape `U/msb/m/n' will be
(Font)              scaled to size 7.29405pt on input line 2.

[5


]
Overfull \hbox (2.07378pt too wide) in paragraph at lines 50--50
 [][] [][]\T1/phv/m/n/12 Raspberry Pi Middleware/Action-Endpoint Val-i-da-tion 
Setup[] []  
 []


Overfull \hbox (3.06985pt too wide) in paragraph at lines 64--64
 [][] [][]\T1/phv/m/n/12 Discussion of RQ2: Agent-Enhanced Contract-Valid Out- 

 []

[6])
\tf@toc=\write6
\openout6 = `thesis.toc'.

 [7] (thesis.lof
Package cleveref Info: loaded `english' language definitions on input line 1.

Overfull \hbox (4.91748pt too wide) in paragraph at lines 2--2
 [][] [][]\T1/ppl/m/n/12 Conceptual event-to-action pat-tern used to frame the 
the- 
 []


Overfull \hbox (3.60985pt too wide) in paragraph at lines 8--8
 [][] [][]\T1/ppl/m/n/12 Raspberry Pi middleware/action-endpoint val-i-da-tion 
la- 
 []


Overfull \hbox (11.81764pt too wide) in paragraph at lines 9--9
 [][] [][]\T1/ppl/m/n/12 Raspberry Pi middleware/action-endpoint val-i-da-tion 
out- 
 []

)
\tf@lof=\write7
\openout7 = `thesis.lof'.

 [8] (thesis.lot
Package cleveref Info: loaded `english' language definitions on input line 1.

Overfull \hbox (7.84586pt too wide) in paragraph at lines 9--9
 [][] [][]\T1/ppl/m/n/12 Raspberry Pi middleware/action-endpoint full-workflow 

 []

)
\tf@lot=\write8
\openout8 = `thesis.lot'.

 [9]
\openout2 = `00-terminology.aux'.

 (00-terminology.tex
Underfull \hbox (badness 10000) in paragraph at lines 12--12
[]|\T1/ppl/m/n/12 Agent-enhanced
 []


Underfull \hbox (badness 10000) in paragraph at lines 15--15
[]|\T1/ppl/m/n/12 Deterministic
 []


Underfull \hbox (badness 10000) in paragraph at lines 23--23
[]|\T1/ppl/m/n/12 Raspberry Pi
 []


Underfull \hbox (badness 10000) in paragraph at lines 23--23
\T1/ppl/m/n/12 mid-dle-ware
 []


Underfull \hbox (badness 1436) in paragraph at lines 23--24
[]|\T1/ppl/m/n/12 Validation where n8n re-mains on the PC
 []


Underfull \hbox (badness 1062) in paragraph at lines 23--24
\T1/ppl/m/n/12 while the Python mid-dle-ware/action end-
 []

) [10

] [11]
\openout2 = `01-intro.aux'.

 (01-intro.tex
Overfull \hbox (14.79425pt too wide) in paragraph at lines 3--4
\T1/ppl/m/n/12 cuses on a con-trolled "tem-per-a-ture to fan" sce-nario and ex-
am-ines whether
 []


Overfull \hbox (5.22957pt too wide) in paragraph at lines 10--11
[]\T1/ppl/m/n/12 IoT sys-tems com-monly in-volve net-worked de-vices, sens-ing,
 and action-
 []


pdfTeX warning (ext4): destination with the same identifier (name{page.1}) has 
been already used, duplicate ignored
<to be read again> 
                   \relax 
l.21 
      [1



]
Overfull \hbox (24.27316pt too wide) in paragraph at lines 24--25
\T1/ppl/m/n/12 ac-tion pipeline us-ing Python mid-dle-ware, struc-tured con-tra
cts, lightweight
 []


Overfull \hbox (0.79016pt too wide) in paragraph at lines 38--39
\T1/ppl/m/n/12 ated un-der RQ2, while the role and lim-i-ta-tions of the val-i-
da-tion bound-
 []


Overfull \hbox (0.43036pt too wide) in paragraph at lines 42--43
\T1/ppl/m/n/12 The im-ple-mented sys-tem uses a lo-cal PC-hosted n8n run-time, 
a Python
 []

[2])
Overfull \hbox (1.27008pt too wide) in paragraph at lines 60--72
\T1/ppl/m/n/12 work-flow au-toma-tion, IoT-style event-action sys-tems, con-tra
cts, agent-
 []

[3]
\openout2 = `02-theory.aux'.

 (02-theory.tex
Overfull \hbox (6.99442pt too wide) in paragraph at lines 3--4
\T1/ppl/m/n/12 work-flow, the work-flow makes ei-ther a de-ter-min-is-tic or ag
ent-enhanced
 []

<Figures/theory-background-flow.png, id=564, 8222.72pt x 698.61pt>
File: Figures/theory-background-flow.png Graphic file (type png)
<use Figures/theory-background-flow.png>
Package pdftex.def Info: Figures/theory-background-flow.png  used on input line
 13.
(pdftex.def)             Requested size: 399.47737pt x 33.93051pt.

Overfull \hbox (10.58081pt too wide) in paragraph at lines 24--24
[]\T1/phv/b/n/17.28 IoT Event-Action Sys-tems and Edge Com-
 []

[4



 <./Figures/theory-background-flow.png>]
Overfull \hbox (13.68015pt too wide) in paragraph at lines 36--36
[]\T1/phv/b/n/17.28 Structured Data, JSON Con-tracts, and Val-
 []

[5]
Overfull \hbox (4.90573pt too wide) in paragraph at lines 40--41
\T1/ppl/m/n/12 the-sis, struc-tured con-tracts de-scribe the ex-pected shape of
 sen-sor events
 []


Overfull \hbox (4.14995pt too wide) in paragraph at lines 50--51
\T1/ppl/m/n/12 guage model con-tributes to se-lect-ing or pro-duc-ing an ac-tio
n. In broader
 []

[6]
Overfull \hbox (14.37291pt too wide) in paragraph at lines 54--54
[]\T1/phv/b/n/17.28 Safety, Val-i-da-tion, and Human-in-the-Loop
 []


Overfull \hbox (1.73798pt too wide) in paragraph at lines 58--59
[]\T1/ppl/m/n/12 Human-in-the-loop con-cepts are rel-e-vant when au-to-mated ou
t-put may
 []


Overfull \hbox (2.19327pt too wide) in paragraph at lines 67--68
\T1/ppl/m/n/12 building re-search dis-cusses IoT ar-chi-tec-tures for building-
management
 []

[7]
Overfull \hbox (5.20584pt too wide) in paragraph at lines 70--71
\T1/ppl/m/n/12 IoT sys-tems, edge com-put-ing, work-flow or-ches-tra-tion, and 
agent-based
 []


Overfull \hbox (6.28584pt too wide) in paragraph at lines 70--71
\T1/ppl/m/n/12 mid-dle-ware/API bound-aries, val-i-da-tion con-cepts, CSV-based
 mea-sure-
 []


Overfull \hbox (2.1821pt too wide) in paragraph at lines 70--71
\T1/ppl/m/n/12 ment, and Rasp-berry Pi middleware/action-endpoint val-i-da-tion
 in one
 []

) [8]
\openout2 = `03-method.aux'.

 (03-method.tex
Overfull \hbox (0.95793pt too wide) in paragraph at lines 3--4
\T1/ppl/m/n/12 match the de-fined proof-of-concept scope: one con-trolled tempe
rature-
 []

[9



]
Overfull \hbox (1.7743pt too wide) in paragraph at lines 26--27
\T1/ppl/m/n/12 work-flow was eval-u-ated by check-ing whether the agent path pr
o-duced
 []


Underfull \hbox (badness 5504) in paragraph at lines 36--36
[]|\T1/ppl/m/n/12 Expected ac-
 []


Underfull \hbox (badness 10000) in paragraph at lines 38--38
[]|\T1/ppl/m/n/12 High-temperature
 []


Overfull \hbox (12.63582pt too wide) in paragraph at lines 38--39
[]|\T1/ppl/m/n/12 Deterministic
 []


Underfull \hbox (badness 10000) in paragraph at lines 39--39
[]|\T1/ppl/m/n/12 Low-temperature
 []


Overfull \hbox (12.63582pt too wide) in paragraph at lines 39--40
[]|\T1/ppl/m/n/12 Deterministic
 []


Overfull \hbox (14.87799pt too wide) in paragraph at lines 48--49
[]\T1/ppl/m/n/12 The eval-u-a-tion records both be-hav-ioral and measurement-or
iented fields.
 []

[10]
Overfull \hbox (1.55757pt too wide) in paragraph at lines 50--51
\T1/ppl/m/n/12 maries are writ-ten to the eval-u-a-tion re-sult fold-ers listed
 in Ap-pendix []A[].
 []

[11]
Overfull \hbox (11.02577pt too wide) in paragraph at lines 72--73
[]\T1/ppl/m/n/12 The Rasp-berry Pi val-i-da-tion fo-cuses on the middleware/act
ion-endpoint
 []

)
Overfull \hbox (0.25003pt too wide) in paragraph at lines 77--74
[]\T1/ppl/m/n/12 The method sup-ports the re-search ques-tions by com-bin-ing a
 con-trolled
 []


Overfull \hbox (6.10529pt too wide) in paragraph at lines 77--74
\T1/ppl/m/n/12 im-ple-men-ta-tion ar-ti-fact with re-peat-able, file-based eval
-u-a-tion ev-i-dence.
 []


Overfull \hbox (11.39873pt too wide) in paragraph at lines 77--74
\T1/ppl/m/n/12 able, and uses Rasp-berry Pi mid-dle-ware val-i-da-tion as separ
ate-hardware
 []

[12]
\openout2 = `04-prestudy.aux'.

 (04-prestudy.tex
Overfull \hbox (12.41762pt too wide) in paragraph at lines 4--5
[]\T1/ppl/m/n/12 This chap-ter ex-plains the de-sign choices that shaped the pr
oof-of-concept
 []


Overfull \hbox (8.0619pt too wide) in paragraph at lines 12--13
[]\T1/ppl/m/n/12 Another re-quire-ment was struc-tured com-mu-ni-ca-tion be-twe
en the work-
 []

[13



] [14]
<Figures/final-architecture-report.mmd.png, id=662, 5280.72874pt x 6439.05624pt
>
File: Figures/final-architecture-report.mmd.png Graphic file (type png)
<use Figures/final-architecture-report.mmd.png>
Package pdftex.def Info: Figures/final-architecture-report.mmd.png  used on inp
ut line 38.
(pdftex.def)             Requested size: 369.88583pt x 450.9765pt.
 [15]
Overfull \hbox (2.66245pt too wide) in paragraph at lines 48--49
\T1/ppl/m/n/12 work-flow run-time and avoids mak-ing the the-sis de-pen-dent on
 whether
 []

[16 <./Figures/final-architecture-report.mmd.png>]
Overfull \hbox (1.81013pt too wide) in paragraph at lines 66--66
[]\T1/phv/b/n/17.28 Rationale for Mid-dle-ware, Con-tracts, and
 []

[17]
Overfull \hbox (11.80597pt too wide) in paragraph at lines 76--77
\T1/ppl/m/n/12 The rel-e-vant the-sis prob-lem is not whether a phys-i-cal fan 
can be switched
 []


Overfull \hbox (13.87021pt too wide) in paragraph at lines 76--77
\T1/ppl/m/n/12 route a contract-shaped ac-tion ob-ject, pass through a doc-u-me
nted bound-
 []

) [18] [19]
\openout2 = `05-implementation.aux'.

 (05-implementation.tex
Overfull \hbox (16.61763pt too wide) in paragraph at lines 6--7
\T1/ppl/m/n/12 eval-u-a-tion, and Rasp-berry Pi val-i-da-tion lim-ited to the m
id-dle-ware/action
 []


Overfull \hbox (12.66914pt too wide) in paragraph at lines 15--16
[]\T1/ppl/m/n/12 The im-ple-mented sys-tem fol-lows a temperature-event-to-acti
on pipeline:
 []

<Figures/docker.png, id=698, 962.84718pt x 541.27219pt>
File: Figures/docker.png Graphic file (type png)
<use Figures/docker.png>
Package pdftex.def Info: Figures/docker.png  used on input line 29.
(pdftex.def)             Requested size: 369.88583pt x 207.93205pt.
[20



]
Overfull \hbox (2.19418pt too wide) in paragraph at lines 36--37
\T1/ppl/m/n/12 work-flow both re-ceive tem-per-a-ture events through n8n web-ho
ok flows
 []


Overfull \hbox (83.34886pt too wide) in paragraph at lines 48--49
\T1/ppl/m/n/12 de-ci-sions and ac-tion ex-e-cu-tion. It can be started with \T1
/cmtt/m/n/12 python -m middleware.api.app\T1/ppl/m/n/12 .
 []


Overfull \hbox (0.53664pt too wide) in paragraph at lines 48--49
\T1/ppl/m/n/12 The HTTP re-quest han-dling uses Python standard-library HTTP se
rver
 []

[21 <./Figures/docker.png>]
<Figures/terminal middleware pi.png, id=712, 746.79pt x 264.23718pt>
File: Figures/terminal middleware pi.png Graphic file (type png)
<use Figures/terminal middleware pi.png>
Package pdftex.def Info: Figures/terminal middleware pi.png  used on input line
 54.
(pdftex.def)             Requested size: 369.88583pt x 130.87642pt.

Overfull \hbox (1.9659pt too wide) in paragraph at lines 65--66
\T1/ppl/m/n/12 would make rout-ing and val-i-da-tion am-bigu-ous. A small schem
a-based
 []

[22 <./Figures/terminal middleware pi.png>]
Overfull \hbox (0.81133pt too wide) in paragraph at lines 69--70
\T1/ppl/m/n/12 produced ac-tions should fol-low. It re-quires \T1/cmtt/m/n/12 a
ction_id\T1/ppl/m/n/12 , \T1/cmtt/m/n/12 target\T1/ppl/m/n/12 , \T1/cmtt/m/n/12
 reason\T1/ppl/m/n/12 ,
 []


Overfull \hbox (1.41418pt too wide) in paragraph at lines 71--72
[]\T1/ppl/m/n/12 The repos-i-tory also in-cludes ex-am-ple pay-loads for a vali
d sen-sor event,
 []

[23]
<Figures/deterministic-baseline-canvas.png, id=725, 819.8128pt x 320.69812pt>
File: Figures/deterministic-baseline-canvas.png Graphic file (type png)
<use Figures/deterministic-baseline-canvas.png>
Package pdftex.def Info: Figures/deterministic-baseline-canvas.png  used on inp
ut line 91.
(pdftex.def)             Requested size: 369.88583pt x 144.6945pt.

Overfull \hbox (4.71422pt too wide) in paragraph at lines 100--101
[]\T1/ppl/m/n/12 The work-flow re-ceives the tem-per-a-ture event through a Web
-hook node,
 []

[24 <./Figures/deterministic-baseline-canvas.png>]
<Figures/agent-workflow-canvas.png, id=732, 863.47594pt x 280.04625pt>
File: Figures/agent-workflow-canvas.png Graphic file (type png)
<use Figures/agent-workflow-canvas.png>
Package pdftex.def Info: Figures/agent-workflow-canvas.png  used on input line 
110.
(pdftex.def)             Requested size: 369.88583pt x 119.9603pt.

Overfull \hbox (2.38643pt too wide) in paragraph at lines 121--122
[]\T1/ppl/m/n/12 The repos-i-tory in-cludes one al-lowed case, one blocked mal-
formed case,
 []

[25 <./Figures/agent-workflow-canvas.png>]
Overfull \hbox (2.94975pt too wide) in paragraph at lines 127--128
\T1/ppl/m/n/12 files and sup-port-ing scripts. Its pur-pose is to make the proo
f-of-concept
 []


Overfull \hbox (10.78456pt too wide) in paragraph at lines 131--132
\T1/ppl/m/n/12 ror/notes fields. It also at-tempts to col-lect CPU and RAM val-
ues through
 []


Overfull \hbox (13.57086pt too wide) in paragraph at lines 135--135
[]\T1/phv/b/n/17.28 Raspberry Pi Middleware/Action-Endpoint
 []


Overfull \hbox (18.79007pt too wide) in paragraph at lines 137--138
[]\T1/ppl/m/n/12 The Rasp-berry Pi work was im-ple-mented as middleware/action-
endpoint
 []


Overfull \hbox (2.56627pt too wide) in paragraph at lines 139--140
\T1/ppl/m/n/12 da-tion ev-i-dence in-cludes the fi-nal workflow-run CSV, notes,
 startup/IP
 []

[26])
Overfull \hbox (7.78552pt too wide) in paragraph at lines 145--76
[]\T1/ppl/m/n/12 The im-ple-mented sys-tem forms one com-plete proof-of-concept
 pipeline.
 []

[27]
\openout2 = `06-result.aux'.

 (06-result.tex
Overfull \hbox (1.41351pt too wide) in paragraph at lines 13--14
[]\T1/ppl/m/n/12 The de-ter-min-is-tic base-line ap-plies the fixed thresh-old 
rule doc-u-mented
 []


Overfull \hbox (3.76567pt too wide) in paragraph at lines 13--14
\T1/ppl/m/n/12 The Step 6 run-time ver-i-fi-ca-tion notes re-port that both re-
quired branches
 []


Overfull \hbox (9.5336pt too wide) in paragraph at lines 28--28
[]|\T1/ppl/m/n/10.95 Latency 
 []


Overfull \hbox (6.8184pt too wide) in paragraph at lines 28--28
[]|\T1/ppl/m/n/10.95 480.398|  
 []


Overfull \hbox (6.8184pt too wide) in paragraph at lines 28--28
[]|\T1/ppl/m/n/10.95 176.778|  
 []


Overfull \hbox (13.42386pt too wide) in paragraph at lines 31--32
\T1/ppl/m/n/12 high-temperature case, the re-sponse con-tains \T1/cmtt/m/n/12 a
ction=fan_on \T1/ppl/m/n/12 and \T1/cmtt/m/n/12 fan=on\T1/ppl/m/n/12 .
 []

[28



]
Overfull \hbox (1.71436pt too wide) in paragraph at lines 55--56
\T1/ppl/m/n/12 nal ob-served mid-dle-ware ac-tion, while the screen-shot ev-i-d
ence records
 []


Overfull \hbox (6.99382pt too wide) in paragraph at lines 55--56
\T1/ppl/m/n/12 ev-i-dence sup-ports the claim that the agent work-flow pro-duce
d contract-
 []


Overfull \hbox (8.99759pt too wide) in paragraph at lines 59--60
\T1/ppl/m/n/12 ex-pected pol-icy out-comes. The safety-case files are listed in
 Ap-pendix []A[].
 []

[29]
Overfull \hbox (9.82616pt too wide) in paragraph at lines 86--86
\T1/cmtt/m/n/10.95 requires_approval=false\T1/ppl/m/n/10.95 .|  
 []


Overfull \hbox (4.16779pt too wide) in paragraph at lines 86--86
\T1/cmtt/m/n/10.95 requires_approval=true\T1/ppl/m/n/10.95 .|  
 []

[30]
Overfull \hbox (5.83678pt too wide) in paragraph at lines 141--141
[]|\T1/ppl/m/n/10.95 Latency 
 []


Overfull \hbox (3.12158pt too wide) in paragraph at lines 141--141
[]|\T1/ppl/m/n/10.95 480.398|  
 []


Overfull \hbox (3.12158pt too wide) in paragraph at lines 141--141
[]|\T1/ppl/m/n/10.95 176.778|  
 []


Overfull \hbox (8.59657pt too wide) in paragraph at lines 141--141
[]|\T1/ppl/m/n/10.95 2668.036|  
 []


Overfull \hbox (8.59657pt too wide) in paragraph at lines 141--141
[]|\T1/ppl/m/n/10.95 1995.094|  
 []


Overfull \hbox (3.12158pt too wide) in paragraph at lines 141--141
[]|\T1/ppl/m/n/10.95 437.003|  
 []


Overfull \hbox (3.12158pt too wide) in paragraph at lines 141--141
[]|\T1/ppl/m/n/10.95 200.206|  
 []

[31]
Overfull \hbox (9.5336pt too wide) in paragraph at lines 165--165
[]|\T1/ppl/m/n/10.95 Latency 
 []


Overfull \hbox (6.8184pt too wide) in paragraph at lines 165--165
[]|\T1/ppl/m/n/10.95 437.003|  
 []


Overfull \hbox (6.8184pt too wide) in paragraph at lines 165--165
[]|\T1/ppl/m/n/10.95 200.206|  
 []

[32]
Overfull \hbox (1.93004pt too wide) in paragraph at lines 172--173
[]\T1/ppl/m/n/12 Figure []7[] vi-su-al-izes the two full-workflow la-tency val-
ues from the Rasp-
 []

<Figures/pi-validation-latency-chart.png, id=790, 1204.5pt x 715.17188pt>
File: Figures/pi-validation-latency-chart.png Graphic file (type png)
<use Figures/pi-validation-latency-chart.png>
Package pdftex.def Info: Figures/pi-validation-latency-chart.png  used on input
 line 176.
(pdftex.def)             Requested size: 369.88583pt x 219.61667pt.
[33]
Overfull \hbox (17.1637pt too wide) in paragraph at lines 181--182
[]\T1/ppl/m/n/12 The ob-served mid-dle-ware pro-cess was \T1/cmtt/m/n/12 python
3 -m middleware.api.app\T1/ppl/m/n/12 .
 []

[34 <./Figures/pi-validation-latency-chart.png>]
<Figures/pi-validation-fan-on-output.png, id=803, 780.66656pt x 493.845pt>
File: Figures/pi-validation-fan-on-output.png Graphic file (type png)
<use Figures/pi-validation-fan-on-output.png>
Package pdftex.def Info: Figures/pi-validation-fan-on-output.png  used on input
 line 208.
(pdftex.def)             Requested size: 369.88583pt x 233.9835pt.
) [35 <./Figures/pi-validation-fan-on-output.png>] [36]
\openout2 = `07-discussion.aux'.

 (07-discussion.tex
Overfull \hbox (3.3941pt too wide) in paragraph at lines 3--4
\T1/ppl/m/n/12 able ev-i-dence to the re-search ques-tions, and fi-nally dis-cu
sses the project
 []


Overfull \hbox (23.3738pt too wide) in paragraph at lines 3--4
\T1/ppl/m/n/12 an-a-lyzes the eval-u-ated workflow-to-action ar-chi-tec-ture ra
ther than propos-
 []


Overfull \hbox (6.33315pt too wide) in paragraph at lines 10--11
\T1/ppl/m/n/12 do not eval-u-ate elec-tri-cal re-li-a-bil-ity or phys-i-cal ac-
tu-a-tor be-hav-ior, which
 []


Overfull \hbox (11.49782pt too wide) in paragraph at lines 21--21
[]\T1/phv/b/n/17.28 Evidence Map-ping for the Re-search Ques-
 []

[37



]
Overfull \hbox (11.42761pt too wide) in paragraph at lines 39--39
\T1/ppl/m/n/10.95 CPU/RAM/thermal 
 []

[38]
Overfull \hbox (51.81157pt too wide) in paragraph at lines 50--50
[]\T1/phv/b/n/17.28 Discussion of RQ2: Agent-Enhanced Contract-
 []

[39]
Overfull \hbox (1.0785pt too wide) in paragraph at lines 60--61
[]\T1/ppl/m/n/12 The RQ2 ev-i-dence is based on one prompt setup, one con-fig-u
red model
 []


Overfull \hbox (10.84587pt too wide) in paragraph at lines 60--61
\T1/ppl/m/n/12 pro-duced struc-tured ac-tion out-put for the im-ple-mented case
s and routed
 []


Overfull \hbox (0.37064pt too wide) in paragraph at lines 64--65
[]\T1/ppl/m/n/12 RQ3 asks what la-tency, re-source, and de-ploy-ment be-hav-ior
 is ob-served
 []

[40]
Overfull \hbox (2.39822pt too wide) in paragraph at lines 74--75
[]\T1/ppl/m/n/12 The PC-first n8n setup was a prac-ti-cal and method-olog-i-cal
 choice. Run-
 []


Overfull \hbox (9.64604pt too wide) in paragraph at lines 76--77
\T1/ppl/m/n/12 the sta-ble PC-hosted en-vi-ron-ment. This choice gave the the-s
is hardware-
 []


Overfull \hbox (1.37808pt too wide) in paragraph at lines 78--79
[]\T1/ppl/m/n/12 The com-par-i-son be-tween a de-ter-min-is-tic base-line and a
 min-i-mal agent-
 []


Overfull \hbox (12.75314pt too wide) in paragraph at lines 80--81
\T1/ppl/m/n/12 au-dit passes, CSV out-put, screen-shot ev-i-dence, and ex-plici
t scope bound-
 []


Overfull \hbox (0.44205pt too wide) in paragraph at lines 84--85
\T1/ppl/m/n/12 later re-placed with hardware-specific be-hav-ior if the scope i
s ex-tended. 
 []

[41]
Overfull \hbox (24.04309pt too wide) in paragraph at lines 94--94
[]\T1/phv/b/n/17.28 Broader Rel-e-vance and Pos-si-ble Use Cases 
 []

[42]) [43]
\openout2 = `08-conclusions.aux'.

 (08-conclusions.tex
Overfull \hbox (1.6788pt too wide) in paragraph at lines 7--8
[]\T1/ppl/b/n/12 RQ2 \T1/ppl/m/n/12 asked how ac-cu-rately the min-i-mal agent-
enhanced work-flow pro-
 []


Overfull \hbox (3.9346pt too wide) in paragraph at lines 15--17
\T1/ppl/m/n/12 CSV-based mea-sure-ment, and Rasp-berry Pi mid-dle-ware val-i-da
-tion into
 []


Overfull \hbox (3.16647pt too wide) in paragraph at lines 15--17
\T1/ppl/m/n/12 to-action sys-tem can be made struc-tured, mea-sur-able, and cle
ar enough
 []


Overfull \hbox (20.75758pt too wide) in paragraph at lines 15--17
\T1/ppl/m/n/12 computing part of the ar-chi-tec-ture by show-ing that the mid-d
le-ware/action
 []

[44



]
Overfull \hbox (12.21349pt too wide) in paragraph at lines 24--25
\T1/ppl/m/n/12 be-hav-ior. The cur-rent val-i-da-tion de-sign could be de-vel-o
ped into stronger
 []


Overfull \hbox (9.83763pt too wide) in paragraph at lines 24--25
\T1/ppl/m/n/12 run-time safety en-force-ment, in-clud-ing stricter schema val-i
-da-tion, clearer
 []


Overfull \hbox (5.63841pt too wide) in paragraph at lines 24--25
\T1/ppl/m/n/12 work re-mains grounded in mea-sur-able ac-tion out-puts rather t
han broad
 []

) [45]
Overfull \hbox (15.26555pt too wide) in paragraph at lines 81--81
[]\T1/ppl/m/n/12 n8n. \T1/ppl/m/it/12 n8n Docs\T1/ppl/m/n/12 . \T1/ppl/m/sc/12 
url\T1/ppl/m/n/12 : []$\T1/cmtt/m/n/12 h t t p s  : / / d o c s  . n 8 n  . i o
 /$[] \T1/ppl/m/n/12 (vis-ited on 05/24/2026)
 []

[46


]
Overfull \hbox (11.71828pt too wide) in paragraph at lines 81--81
\T1/ppl/m/n/12 mans in In-ter-ac-tive Ma-chine Learn-ing^^Q. In: \T1/ppl/m/it/1
2 AI Mag-a-zine \T1/ppl/m/n/12 35.4 (2014),
 []


Overfull \hbox (7.0099pt too wide) in paragraph at lines 81--81
\T1/ppl/m/n/12 Con-sid-er-a-tions, Re-quire-ments, and Ar-chi-tec-tures for Sma
rt Build-
 []

[47] [48]
\openout2 = `Appendices/appA.aux'.

 (Appendices/appA.tex
LaTeX Font Info:    Trying to load font information for TS1+ppl on input line 2
3.

(C:\Users\Jake_\AppData\Local\Programs\MiKTeX\tex/latex/psnfss\ts1ppl.fd
File: ts1ppl.fd 2001/06/04 font definitions for TS1/ppl.
)
pdfTeX warning (ext4): destination with the same identifier (name{page.1}) has 
been already used, duplicate ignored
<to be read again> 
                   \relax 
l.39     \item \path
                    {docs/architecture/final-architecture-report.mmd} - repo...
[1


]
<Figures/n8n-localhost-5678-success-2026-04-25.png, id=994, 424.58624pt x 456.2
0438pt>
File: Figures/n8n-localhost-5678-success-2026-04-25.png Graphic file (type png)

<use Figures/n8n-localhost-5678-success-2026-04-25.png>
Package pdftex.def Info: Figures/n8n-localhost-5678-success-2026-04-25.png  use
d on input line 51.
(pdftex.def)             Requested size: 203.43832pt x 218.58578pt.

Overfull \hbox (50.22131pt too wide) in paragraph at lines 65--66
[]$\T1/cmtt/m/n/12 e v a l u a t i o n / r e s u l t s / p i -[] v a l i d a t 
i o n /$ \T1/ppl/m/n/12 - Rasp-berry Pi middleware/action-
 []


pdfTeX warning (ext4): destination with the same identifier (name{page.2}) has 
been already used, duplicate ignored
<to be read again> 
                   \relax 
l.66 \end{itemize}
                   [2 <./Figures/n8n-localhost-5678-success-2026-04-25.png>])
pdfTeX warning (ext4): destination with the same identifier (name{page.3}) has 
been already used, duplicate ignored
<to be read again> 
                   \relax 
l.87 \include{Appendices/appA}
                               [3] (thesis.aux
Package cleveref Info: loaded `english' language definitions on input line 8.
 (00-abstract.aux)
(00-sammanfattning.aux) (00-acknowledgements.aux) (00-terminology.aux)
(01-intro.aux) (02-theory.aux) (03-method.aux) (04-prestudy.aux)
(05-implementation.aux) (06-result.aux) (07-discussion.aux) (08-conclusions.aux
) (Appendices/appA.aux))
 ***********
LaTeX2e <2025-11-01>
L3 programming layer <2025-12-24>
 ***********
Package rerunfilecheck Info: File `thesis.out' has not changed.
(rerunfilecheck)             Checksum: C65D4D872B0C96B653C39CBE4172E747;15998.
Package logreq Info: Writing requests to 'thesis.run.xml'.
\openout1 = `thesis.run.xml'.

 )
(\end occurred when \ifx on line 7 was incomplete) 
Here is how much of TeX's memory you used:
 37928 strings out of 467872
 736131 string characters out of 5418391
 1616677 words of memory out of 5000000
 65902 multiletter control sequences out of 15000+600000
 686870 words of font info for 127 fonts, out of 8000000 for 9000
 1141 hyphenation exceptions out of 8191
 117i,17n,121p,1911b,2619s stack positions out of 10000i,1000n,20000p,200000b,200000s
 <C:\Users\Jake_\AppData\Loca
l\MiKTeX\fonts/pk/ljfour/jknappen/ec/dpi600\ectt1095.pk> <C:\Users\Jake_\AppDat
a\Local\MiKTeX\fonts/pk/ljfour/jknappen/ec/dpi600\ectt1200.pk><C:/Users/Jake_/A
ppData/Local/Programs/MiKTeX/fonts/type1/public/amsfonts/cm/cmsy10.pfb><C:/User
s/Jake_/AppData/Local/Programs/MiKTeX/fonts/type1/urw/helvetic/uhvb8a.pfb><C:/U
sers/Jake_/AppData/Local/Programs/MiKTeX/fonts/type1/urw/helvetic/uhvr8a.pfb><C
:/Users/Jake_/AppData/Local/Programs/MiKTeX/fonts/type1/urw/palatino/uplb8a.pfb
><C:/Users/Jake_/AppData/Local/Programs/MiKTeX/fonts/type1/urw/palatino/uplbi8a
.pfb><C:/Users/Jake_/AppData/Local/Programs/MiKTeX/fonts/type1/urw/palatino/upl
r8a.pfb><C:/Users/Jake_/AppData/Local/Programs/MiKTeX/fonts/type1/urw/palatino/
uplri8a.pfb>
Output written on thesis.pdf (63 pages, 1383532 bytes).
PDF statistics:
 1185 PDF objects out of 1200 (max. 8388607)
 189 named destinations out of 1000 (max. 500000)
 710 words of extra memory for PDF output out of 10000 (max. 10000000)

